<html>
<body>
<pre>
<h1>µVision Build Log</h1>
<h2>Tool Versions:</h2>
IDE-Version: µVision V5.28.0.0
Copyright (C) 2019 ARM Ltd and ARM Germany GmbH. All rights reserved.
License Information: AdM AdM, AdM, LIC=21E74-F35BP-FWC2N-YDRM8-SL42J-PMC6C
 
Tool Versions:
Toolchain:       MDK-ARM Plus  Version: 5.29.0.0
Toolchain Path:  C:\Keil_v5\ARM\ARMCC\Bin
C Compiler:      Armcc.exe V5.06 update 6 (build 750)
Assembler:       Armasm.exe V5.06 update 6 (build 750)
Linker/Locator:  ArmLink.exe V5.06 update 6 (build 750)
Library Manager: ArmAr.exe V5.06 update 6 (build 750)
Hex Converter:   FromElf.exe V5.06 update 6 (build 750)
CPU DLL:         SARMCM3.DLL V5.29.0.0
Dialog DLL:      DCM.DLL V1.17.3.0
Target DLL:      STLink\ST-LINKIII-KEIL_SWO.dll V3.0.7.0
Dialog DLL:      TCM.DLL V1.36.5.0
 
<h2>Project:</h2>
D:\ADEM\GDRIVE\GDRIVE\Firmware\EDR_method_test_code\edr_method_example.uvprojx
Project File Date:  03/04/2020

<h2>Output:</h2>
*** Using Compiler 'V5.06 update 6 (build 750)', folder: 'C:\Keil_v5\ARM\ARMCC\Bin'
Build target 'edr_test'
compiling system_stm32f3xx.c...
compiling stm32f3xx_it.c...
compiling main.c...
compiling stm32f3xx_hal_msp.c...
compiling uart_bundle.c...
compiling stm32f3xx_hal_adc.c...
compiling stm32f3xx_hal.c...
compiling stm32f3xx_hal_comp.c...
compiling stm32f3xx_hal_adc_ex.c...
compiling stm32f3xx_hal_cortex.c...
compiling stm32f3xx_hal_dac.c...
compiling stm32f3xx_hal_dac_ex.c...
compiling stm32f3xx_hal_dma.c...
compiling stm32f3xx_hal_flash_ex.c...
compiling stm32f3xx_hal_flash.c...
compiling stm32f3xx_hal_hrtim.c...
compiling stm32f3xx_hal_gpio.c...
compiling stm32f3xx_hal_irda.c...
compiling stm32f3xx_hal_iwdg.c...
compiling stm32f3xx_hal_opamp.c...
compiling stm32f3xx_hal_opamp_ex.c...
compiling stm32f3xx_hal_pwr.c...
compiling stm32f3xx_hal_pwr_ex.c...
compiling stm32f3xx_hal_rcc_ex.c...
compiling stm32f3xx_hal_rcc.c...
compiling stm32f3xx_hal_rtc.c...
compiling stm32f3xx_hal_sdadc.c...
compiling stm32f3xx_hal_rtc_ex.c...
compiling stm32f3xx_hal_spi.c...
compiling stm32f3xx_hal_spi_ex.c...
compiling stm32f3xx_hal_sram.c...
compiling stm32f3xx_hal_tim_ex.c...
compiling stm32f3xx_hal_tim.c...
compiling stm32f3xx_hal_uart.c...
compiling stm32f3xx_hal_usart.c...
compiling stm32f3xx_hal_wwdg.c...
compiling stm32f3xx_hal_uart_ex.c...
linking...
Program Size: Code=18284 RO-data=480 RW-data=2068 ZI-data=18532  
FromELF: creating hex file...
".\Objects\edr_method_example.axf" - 0 Error(s), 0 Warning(s).

<h2>Software Packages used:</h2>

Package Vendor: Keil
                http://www.keil.com/pack/Keil.STM32F3xx_DFP.2.1.0.pack
                Keil.STM32F3xx_DFP.2.1.0
                STMicroelectronics STM32F3 Series Device Support and Examples

<h2>Collection of Component include folders:</h2>
  .\RTE\_edr_test
  C:\Keil_v5\ARM\PACK\Keil\STM32F3xx_DFP\2.1.0\Drivers\CMSIS\Device\ST\STM32F3xx\Include

<h2>Collection of Component Files used:</h2>
Build Time Elapsed:  00:00:47
</pre>
</body>
</html>
