Component: ARM Compiler 5.06 update 6 (build 750) Tool: armlink [4d35ed]

==============================================================================

Section Cross References

    startup_stm32f303xc.o(RESET) refers to startup_stm32f303xc.o(STACK) for __initial_sp
    startup_stm32f303xc.o(RESET) refers to startup_stm32f303xc.o(.text) for Reset_Handler
    startup_stm32f303xc.o(RESET) refers to stm32f3xx_it.o(i.NMI_Handler) for NMI_Handler
    startup_stm32f303xc.o(RESET) refers to stm32f3xx_it.o(i.HardFault_Handler) for HardFault_Handler
    startup_stm32f303xc.o(RESET) refers to stm32f3xx_it.o(i.MemManage_Handler) for MemManage_Handler
    startup_stm32f303xc.o(RESET) refers to stm32f3xx_it.o(i.BusFault_Handler) for BusFault_Handler
    startup_stm32f303xc.o(RESET) refers to stm32f3xx_it.o(i.UsageFault_Handler) for UsageFault_Handler
    startup_stm32f303xc.o(RESET) refers to stm32f3xx_it.o(i.SVC_Handler) for SVC_Handler
    startup_stm32f303xc.o(RESET) refers to stm32f3xx_it.o(i.DebugMon_Handler) for DebugMon_Handler
    startup_stm32f303xc.o(RESET) refers to stm32f3xx_it.o(i.PendSV_Handler) for PendSV_Handler
    startup_stm32f303xc.o(RESET) refers to stm32f3xx_it.o(i.SysTick_Handler) for SysTick_Handler
    startup_stm32f303xc.o(RESET) refers to uart_bundle.o(i.DMA1_Channel4_IRQHandler) for DMA1_Channel4_IRQHandler
    startup_stm32f303xc.o(RESET) refers to uart_bundle.o(i.DMA1_Channel5_IRQHandler) for DMA1_Channel5_IRQHandler
    startup_stm32f303xc.o(RESET) refers to uart_bundle.o(i.USART1_IRQHandler) for USART1_IRQHandler
    startup_stm32f303xc.o(RESET) refers to stm32f3xx_it.o(i.TIM8_UP_IRQHandler) for TIM8_UP_IRQHandler
    startup_stm32f303xc.o(RESET) refers to stm32f3xx_it.o(i.DMA2_Channel1_IRQHandler) for DMA2_Channel1_IRQHandler
    startup_stm32f303xc.o(.text) refers to system_stm32f3xx.o(i.SystemInit) for SystemInit
    startup_stm32f303xc.o(.text) refers to entry.o(.ARM.Collect$$$$00000000) for __main
    main.o(i.ADC_Config_DMA_ExternalBat) refers to stm32f3xx_hal_adc_ex.o(i.HAL_ADC_DeInit) for HAL_ADC_DeInit
    main.o(i.ADC_Config_DMA_ExternalBat) refers to stm32f3xx_hal_adc_ex.o(i.HAL_ADC_Init) for HAL_ADC_Init
    main.o(i.ADC_Config_DMA_ExternalBat) refers to stm32f3xx_hal_adc_ex.o(i.HAL_ADCEx_Calibration_Start) for HAL_ADCEx_Calibration_Start
    main.o(i.ADC_Config_DMA_ExternalBat) refers to stm32f3xx_hal_adc_ex.o(i.HAL_ADC_ConfigChannel) for HAL_ADC_ConfigChannel
    main.o(i.ADC_Config_DMA_ExternalBat) refers to stm32f3xx_hal_adc_ex.o(i.HAL_ADC_Start_DMA) for HAL_ADC_Start_DMA
    main.o(i.GPIO_INIT) refers to stm32f3xx_hal_gpio.o(i.HAL_GPIO_Init) for HAL_GPIO_Init
    main.o(i.GPIO_INIT) refers to stm32f3xx_hal_gpio.o(i.HAL_GPIO_WritePin) for HAL_GPIO_WritePin
    main.o(i.HAL_ADC_ConvCpltCallback) refers to main.o(.data) for IsMeasurementDone
    main.o(i.RXReturnCallback) refers to stm32f3xx_hal_tim.o(i.HAL_TIM_Base_Start) for HAL_TIM_Base_Start
    main.o(i.RXReturnCallback) refers to main.o(i.reCockDMA) for reCockDMA
    main.o(i.RXReturnCallback) refers to main.o(.data) for RxBuffer
    main.o(i.RXReturnCallback) refers to main.o(.bss) for tim8Handler
    main.o(i.SystemClock_Config_Custom) refers to stm32f3xx_hal_rcc.o(i.HAL_RCC_OscConfig) for HAL_RCC_OscConfig
    main.o(i.SystemClock_Config_Custom) refers to stm32f3xx_hal_rcc.o(i.HAL_RCC_ClockConfig) for HAL_RCC_ClockConfig
    main.o(i.SystemClock_Config_Custom) refers to stm32f3xx_hal_rcc.o(i.HAL_RCC_GetHCLKFreq) for HAL_RCC_GetHCLKFreq
    main.o(i.SystemClock_Config_Custom) refers to stm32f3xx_hal_cortex.o(i.HAL_SYSTICK_Config) for HAL_SYSTICK_Config
    main.o(i.SystemClock_Config_Custom) refers to stm32f3xx_hal_cortex.o(i.HAL_SYSTICK_CLKSourceConfig) for HAL_SYSTICK_CLKSourceConfig
    main.o(i.SystemClock_Config_Custom) refers to stm32f3xx_hal_cortex.o(i.HAL_NVIC_SetPriority) for HAL_NVIC_SetPriority
    main.o(i.SystemClock_Config_Custom) refers to system_stm32f3xx.o(.data) for SystemCoreClock
    main.o(i.TIM_TriggerSource_Config) refers to stm32f3xx_hal_tim.o(i.HAL_TIM_Base_Init) for HAL_TIM_Base_Init
    main.o(i.TIM_TriggerSource_Config) refers to stm32f3xx_hal_tim.o(i.HAL_TIM_ConfigClockSource) for HAL_TIM_ConfigClockSource
    main.o(i.TIM_TriggerSource_Config) refers to stm32f3xx_hal_tim_ex.o(i.HAL_TIMEx_MasterConfigSynchronization) for HAL_TIMEx_MasterConfigSynchronization
    main.o(i.TIM_TriggerSource_Config) refers to stm32f3xx_hal_cortex.o(i.HAL_NVIC_SetPriority) for HAL_NVIC_SetPriority
    main.o(i.TIM_TriggerSource_Config) refers to stm32f3xx_hal_cortex.o(i.HAL_NVIC_EnableIRQ) for HAL_NVIC_EnableIRQ
    main.o(i.main) refers to stm32f3xx_hal.o(i.HAL_Init) for HAL_Init
    main.o(i.main) refers to main.o(i.SystemClock_Config_Custom) for SystemClock_Config_Custom
    main.o(i.main) refers to main.o(i.GPIO_INIT) for GPIO_INIT
    main.o(i.main) refers to main.o(i.TIM_TriggerSource_Config) for TIM_TriggerSource_Config
[...]
    Removing stm32f3xx_hal_uart.o(i.UART_DMARxOnlyAbortCallback), (32 bytes).
    Removing stm32f3xx_hal_uart.o(i.UART_DMATxAbortCallback), (60 bytes).
    Removing stm32f3xx_hal_uart.o(i.UART_DMATxOnlyAbortCallback), (26 bytes).
    Removing stm32f3xx_hal_uart.o(i.UART_Wakeup_AddressConfig), (38 bytes).
    Removing stm32f3xx_hal_uart_ex.o(.rev16_text), (4 bytes).
    Removing stm32f3xx_hal_uart_ex.o(.revsh_text), (4 bytes).
    Removing stm32f3xx_hal_uart_ex.o(.rrx_text), (6 bytes).
    Removing stm32f3xx_hal_uart_ex.o(i.HAL_MultiProcessorEx_AddressLength_Set), (64 bytes).
    Removing stm32f3xx_hal_uart_ex.o(i.HAL_RS485Ex_Init), (156 bytes).
    Removing stm32f3xx_hal_uart_ex.o(i.HAL_UARTEx_DisableStopMode), (62 bytes).
    Removing stm32f3xx_hal_uart_ex.o(i.HAL_UARTEx_EnableStopMode), (62 bytes).
    Removing stm32f3xx_hal_uart_ex.o(i.HAL_UARTEx_StopModeWakeUpSourceConfig), (146 bytes).
    Removing stm32f3xx_hal_usart.o(.rev16_text), (4 bytes).
    Removing stm32f3xx_hal_usart.o(.revsh_text), (4 bytes).
    Removing stm32f3xx_hal_usart.o(.rrx_text), (6 bytes).
    Removing stm32f3xx_hal_usart.o(i.HAL_USART_Abort), (132 bytes).
    Removing stm32f3xx_hal_usart.o(i.HAL_USART_AbortCpltCallback), (2 bytes).
    Removing stm32f3xx_hal_usart.o(i.HAL_USART_Abort_IT), (228 bytes).
    Removing stm32f3xx_hal_usart.o(i.HAL_USART_DMAPause), (160 bytes).
    Removing stm32f3xx_hal_usart.o(i.HAL_USART_DMAResume), (130 bytes).
    Removing stm32f3xx_hal_usart.o(i.HAL_USART_DMAStop), (64 bytes).
    Removing stm32f3xx_hal_usart.o(i.HAL_USART_DeInit), (56 bytes).
    Removing stm32f3xx_hal_usart.o(i.HAL_USART_ErrorCallback), (2 bytes).
    Removing stm32f3xx_hal_usart.o(i.HAL_USART_GetError), (6 bytes).
    Removing stm32f3xx_hal_usart.o(i.HAL_USART_GetState), (8 bytes).
    Removing stm32f3xx_hal_usart.o(i.HAL_USART_IRQHandler), (424 bytes).
    Removing stm32f3xx_hal_usart.o(i.HAL_USART_Init), (102 bytes).
    Removing stm32f3xx_hal_usart.o(i.HAL_USART_MspDeInit), (2 bytes).
    Removing stm32f3xx_hal_usart.o(i.HAL_USART_MspInit), (2 bytes).
    Removing stm32f3xx_hal_usart.o(i.HAL_USART_Receive), (258 bytes).
    Removing stm32f3xx_hal_usart.o(i.HAL_USART_Receive_DMA), (212 bytes).
    Removing stm32f3xx_hal_usart.o(i.HAL_USART_Receive_IT), (172 bytes).
    Removing stm32f3xx_hal_usart.o(i.HAL_USART_RxCpltCallback), (2 bytes).
    Removing stm32f3xx_hal_usart.o(i.HAL_USART_RxHalfCpltCallback), (2 bytes).
    Removing stm32f3xx_hal_usart.o(i.HAL_USART_Transmit), (192 bytes).
    Removing stm32f3xx_hal_usart.o(i.HAL_USART_TransmitReceive), (314 bytes).
    Removing stm32f3xx_hal_usart.o(i.HAL_USART_TransmitReceive_DMA), (236 bytes).
    Removing stm32f3xx_hal_usart.o(i.HAL_USART_TransmitReceive_IT), (168 bytes).
    Removing stm32f3xx_hal_usart.o(i.HAL_USART_Transmit_DMA), (152 bytes).
    Removing stm32f3xx_hal_usart.o(i.HAL_USART_Transmit_IT), (88 bytes).
    Removing stm32f3xx_hal_usart.o(i.HAL_USART_TxCpltCallback), (2 bytes).
    Removing stm32f3xx_hal_usart.o(i.HAL_USART_TxHalfCpltCallback), (2 bytes).
    Removing stm32f3xx_hal_usart.o(i.HAL_USART_TxRxCpltCallback), (2 bytes).
    Removing stm32f3xx_hal_usart.o(i.USART_CheckIdleState), (172 bytes).
    Removing stm32f3xx_hal_usart.o(i.USART_DMAAbortOnError), (20 bytes).
    Removing stm32f3xx_hal_usart.o(i.USART_DMAError), (40 bytes).
    Removing stm32f3xx_hal_usart.o(i.USART_DMAReceiveCplt), (122 bytes).
    Removing stm32f3xx_hal_usart.o(i.USART_DMARxAbortCallback), (54 bytes).
    Removing stm32f3xx_hal_usart.o(i.USART_DMARxHalfCplt), (14 bytes).
    Removing stm32f3xx_hal_usart.o(i.USART_DMATransmitCplt), (70 bytes).
    Removing stm32f3xx_hal_usart.o(i.USART_DMATxAbortCallback), (54 bytes).
    Removing stm32f3xx_hal_usart.o(i.USART_DMATxHalfCplt), (14 bytes).
    Removing stm32f3xx_hal_usart.o(i.USART_EndTransfer), (32 bytes).
    Removing stm32f3xx_hal_usart.o(i.USART_EndTransmit_IT), (44 bytes).
    Removing stm32f3xx_hal_usart.o(i.USART_Receive_IT), (126 bytes).
    Removing stm32f3xx_hal_usart.o(i.USART_SetConfig), (488 bytes).
    Removing stm32f3xx_hal_usart.o(i.USART_TransmitReceive_IT), (214 bytes).
    Removing stm32f3xx_hal_usart.o(i.USART_Transmit_IT), (102 bytes).
    Removing stm32f3xx_hal_usart.o(i.USART_WaitOnFlagUntilTimeout), (104 bytes).
    Removing stm32f3xx_hal_wwdg.o(.rev16_text), (4 bytes).
    Removing stm32f3xx_hal_wwdg.o(.revsh_text), (4 bytes).
    Removing stm32f3xx_hal_wwdg.o(.rrx_text), (6 bytes).
    Removing stm32f3xx_hal_wwdg.o(i.HAL_WWDG_EarlyWakeupCallback), (2 bytes).
    Removing stm32f3xx_hal_wwdg.o(i.HAL_WWDG_IRQHandler), (40 bytes).
    Removing stm32f3xx_hal_wwdg.o(i.HAL_WWDG_Init), (44 bytes).
    Removing stm32f3xx_hal_wwdg.o(i.HAL_WWDG_MspInit), (2 bytes).
    Removing stm32f3xx_hal_wwdg.o(i.HAL_WWDG_Refresh), (12 bytes).
    Removing dadd.o(.text), (334 bytes).
    Removing dmul.o(.text), (228 bytes).
    Removing ddiv.o(.text), (222 bytes).
    Removing dfixul.o(.text), (48 bytes).
    Removing cdrcmple.o(.text), (48 bytes).
    Removing depilogue.o(.text), (186 bytes).

672 unused section(s) (total 60152 bytes) removed from the image.

==============================================================================

Image Symbol Table

    Local Symbols

    Symbol Name                              Value     Ov Type        Size  Object(Section)

    ../clib/../cmprslib/zerorunl2.c          0x00000000   Number         0  __dczerorl2.o ABSOLUTE
    ../clib/microlib/division.c              0x00000000   Number         0  uldiv.o ABSOLUTE
    ../clib/microlib/division.c              0x00000000   Number         0  uidiv.o ABSOLUTE
    ../clib/microlib/init/entry.s            0x00000000   Number         0  entry10b.o ABSOLUTE
    ../clib/microlib/init/entry.s            0x00000000   Number         0  entry9b.o ABSOLUTE
    ../clib/microlib/init/entry.s            0x00000000   Number         0  entry2.o ABSOLUTE
    ../clib/microlib/init/entry.s            0x00000000   Number         0  entry7b.o ABSOLUTE
    ../clib/microlib/init/entry.s            0x00000000   Number         0  entry10a.o ABSOLUTE
    ../clib/microlib/init/entry.s            0x00000000   Number         0  entry11b.o ABSOLUTE
    ../clib/microlib/init/entry.s            0x00000000   Number         0  entry.o ABSOLUTE
    ../clib/microlib/init/entry.s            0x00000000   Number         0  entry5.o ABSOLUTE
    ../clib/microlib/init/entry.s            0x00000000   Number         0  entry7a.o ABSOLUTE
    ../clib/microlib/init/entry.s            0x00000000   Number         0  entry8a.o ABSOLUTE
    ../clib/microlib/init/entry.s            0x00000000   Number         0  entry8b.o ABSOLUTE
    ../clib/microlib/init/entry.s            0x00000000   Number         0  entry9a.o ABSOLUTE
    ../clib/microlib/init/entry.s            0x00000000   Number         0  entry11a.o ABSOLUTE
    ../clib/microlib/longlong.c              0x00000000   Number         0  llushr.o ABSOLUTE
    ../clib/microlib/longlong.c              0x00000000   Number         0  llsshr.o ABSOLUTE
    ../clib/microlib/longlong.c              0x00000000   Number         0  llshl.o ABSOLUTE
    ../clib/microlib/malloc/calloc.c         0x00000000   Number         0  calloc.o ABSOLUTE
    ../clib/microlib/malloc/malloc.c         0x00000000   Number         0  mallocr.o ABSOLUTE
    ../clib/microlib/malloc/malloc.c         0x00000000   Number         0  malloc.o ABSOLUTE
    ../clib/microlib/malloc/malloc.c         0x00000000   Number         0  mallocra.o ABSOLUTE
    ../clib/microlib/malloc/malloc.c         0x00000000   Number         0  malloca.o ABSOLUTE
    ../clib/microlib/malloc/mvars.c          0x00000000   Number         0  mvars.o ABSOLUTE
    ../clib/microlib/printf/printf.c         0x00000000   Number         0  printfa.o ABSOLUTE
    ../clib/microlib/printf/printf.c         0x00000000   Number         0  printf7.o ABSOLUTE
    ../clib/microlib/printf/printf.c         0x00000000   Number         0  printf6.o ABSOLUTE
    ../clib/microlib/printf/printf.c         0x00000000   Number         0  printf5.o ABSOLUTE
    ../clib/microlib/printf/printf.c         0x00000000   Number         0  printf4.o ABSOLUTE
    ../clib/microlib/printf/printf.c         0x00000000   Number         0  printf3.o ABSOLUTE
    ../clib/microlib/printf/printf.c         0x00000000   Number         0  printf2.o ABSOLUTE
    ../clib/microlib/printf/printf.c         0x00000000   Number         0  printf1.o ABSOLUTE
    ../clib/microlib/printf/printf.c         0x00000000   Number         0  printf0.o ABSOLUTE
    ../clib/microlib/printf/printf.c         0x00000000   Number         0  printfb.o ABSOLUTE
    ../clib/microlib/printf/printf.c         0x00000000   Number         0  printf8.o ABSOLUTE
    ../clib/microlib/printf/stubs.s          0x00000000   Number         0  stubs.o ABSOLUTE
    ../clib/microlib/stdio/fputc.c           0x00000000   Number         0  fputc.o ABSOLUTE
    ../clib/microlib/stdio/semi.s            0x00000000   Number         0  semi.o ABSOLUTE
    ../clib/microlib/stdio/streams.c         0x00000000   Number         0  stdout.o ABSOLUTE
    ../clib/microlib/string/memcpy.c         0x00000000   Number         0  memcpya.o ABSOLUTE
    ../clib/microlib/string/memcpy.c         0x00000000   Number         0  memcpyb.o ABSOLUTE
    ../clib/microlib/stubs.s                 0x00000000   Number         0  iusesemip.o ABSOLUTE
    ../clib/microlib/stubs.s                 0x00000000   Number         0  iusefp.o ABSOLUTE
    ../fplib/microlib/fpadd.c                0x00000000   Number         0  dadd.o ABSOLUTE
    ../fplib/microlib/fpdiv.c                0x00000000   Number         0  ddiv.o ABSOLUTE
    ../fplib/microlib/fpepilogue.c           0x00000000   Number         0  depilogue.o ABSOLUTE
    ../fplib/microlib/fpfix.c                0x00000000   Number         0  dfixul.o ABSOLUTE
    ../fplib/microlib/fpmul.c                0x00000000   Number         0  dmul.o ABSOLUTE
    ..\F3_Drivers\STM32F3xx_HAL_Driver\Src\stm32f3xx_hal.c 0x00000000   Number         0  stm32f3xx_hal.o ABSOLUTE
    ..\F3_Drivers\STM32F3xx_HAL_Driver\Src\stm32f3xx_hal_adc.c 0x00000000   Number         0  stm32f3xx_hal_adc.o ABSOLUTE
    ..\F3_Drivers\STM32F3xx_HAL_Driver\Src\stm32f3xx_hal_adc_ex.c 0x00000000   Number         0  stm32f3xx_hal_adc_ex.o ABSOLUTE
    ..\F3_Drivers\STM32F3xx_HAL_Driver\Src\stm32f3xx_hal_comp.c 0x00000000   Number         0  stm32f3xx_hal_comp.o ABSOLUTE
    ..\F3_Drivers\STM32F3xx_HAL_Driver\Src\stm32f3xx_hal_cortex.c 0x00000000   Number         0  stm32f3xx_hal_cortex.o ABSOLUTE
    ..\F3_Drivers\STM32F3xx_HAL_Driver\Src\stm32f3xx_hal_dac.c 0x00000000   Number         0  stm32f3xx_hal_dac.o ABSOLUTE
    ..\F3_Drivers\STM32F3xx_HAL_Driver\Src\stm32f3xx_hal_dac_ex.c 0x00000000   Number         0  stm32f3xx_hal_dac_ex.o ABSOLUTE
    ..\F3_Drivers\STM32F3xx_HAL_Driver\Src\stm32f3xx_hal_dma.c 0x00000000   Number         0  stm32f3xx_hal_dma.o ABSOLUTE
    ..\F3_Drivers\STM32F3xx_HAL_Driver\Src\stm32f3xx_hal_flash.c 0x00000000   Number         0  stm32f3xx_hal_flash.o ABSOLUTE
    ..\F3_Drivers\STM32F3xx_HAL_Driver\Src\stm32f3xx_hal_flash_ex.c 0x00000000   Number         0  stm32f3xx_hal_flash_ex.o ABSOLUTE
    ..\F3_Drivers\STM32F3xx_HAL_Driver\Src\stm32f3xx_hal_gpio.c 0x00000000   Number         0  stm32f3xx_hal_gpio.o ABSOLUTE
    ..\F3_Drivers\STM32F3xx_HAL_Driver\Src\stm32f3xx_hal_hrtim.c 0x00000000   Number         0  stm32f3xx_hal_hrtim.o ABSOLUTE
    ..\F3_Drivers\STM32F3xx_HAL_Driver\Src\stm32f3xx_hal_irda.c 0x00000000   Number         0  stm32f3xx_hal_irda.o ABSOLUTE
    ..\F3_Drivers\STM32F3xx_HAL_Driver\Src\stm32f3xx_hal_iwdg.c 0x00000000   Number         0  stm32f3xx_hal_iwdg.o ABSOLUTE
    ..\F3_Drivers\STM32F3xx_HAL_Driver\Src\stm32f3xx_hal_opamp.c 0x00000000   Number         0  stm32f3xx_hal_opamp.o ABSOLUTE
    ..\F3_Drivers\STM32F3xx_HAL_Driver\Src\stm32f3xx_hal_opamp_ex.c 0x00000000   Number         0  stm32f3xx_hal_opamp_ex.o ABSOLUTE
    ..\F3_Drivers\STM32F3xx_HAL_Driver\Src\stm32f3xx_hal_pwr.c 0x00000000   Number         0  stm32f3xx_hal_pwr.o ABSOLUTE
    ..\F3_Drivers\STM32F3xx_HAL_Driver\Src\stm32f3xx_hal_pwr_ex.c 0x00000000   Number         0  stm32f3xx_hal_pwr_ex.o ABSOLUTE
    ..\F3_Drivers\STM32F3xx_HAL_Driver\Src\stm32f3xx_hal_rcc.c 0x00000000   Number         0  stm32f3xx_hal_rcc.o ABSOLUTE
    ..\F3_Drivers\STM32F3xx_HAL_Driver\Src\stm32f3xx_hal_rcc_ex.c 0x00000000   Number         0  stm32f3xx_hal_rcc_ex.o ABSOLUTE
    ..\F3_Drivers\STM32F3xx_HAL_Driver\Src\stm32f3xx_hal_rtc.c 0x00000000   Number         0  stm32f3xx_hal_rtc.o ABSOLUTE
    ..\F3_Drivers\STM32F3xx_HAL_Driver\Src\stm32f3xx_hal_rtc_ex.c 0x00000000   Number         0  stm32f3xx_hal_rtc_ex.o ABSOLUTE
    ..\F3_Drivers\STM32F3xx_HAL_Driver\Src\stm32f3xx_hal_sdadc.c 0x00000000   Number         0  stm32f3xx_hal_sdadc.o ABSOLUTE
    ..\F3_Drivers\STM32F3xx_HAL_Driver\Src\stm32f3xx_hal_spi.c 0x00000000   Number         0  stm32f3xx_hal_spi.o ABSOLUTE
    ..\F3_Drivers\STM32F3xx_HAL_Driver\Src\stm32f3xx_hal_spi_ex.c 0x00000000   Number         0  stm32f3xx_hal_spi_ex.o ABSOLUTE
    ..\F3_Drivers\STM32F3xx_HAL_Driver\Src\stm32f3xx_hal_sram.c 0x00000000   Number         0  stm32f3xx_hal_sram.o ABSOLUTE
    ..\F3_Drivers\STM32F3xx_HAL_Driver\Src\stm32f3xx_hal_tim.c 0x00000000   Number         0  stm32f3xx_hal_tim.o ABSOLUTE
    ..\F3_Drivers\STM32F3xx_HAL_Driver\Src\stm32f3xx_hal_tim_ex.c 0x00000000   Number         0  stm32f3xx_hal_tim_ex.o ABSOLUTE
    ..\F3_Drivers\STM32F3xx_HAL_Driver\Src\stm32f3xx_hal_uart.c 0x00000000   Number         0  stm32f3xx_hal_uart.o ABSOLUTE
    ..\F3_Drivers\STM32F3xx_HAL_Driver\Src\stm32f3xx_hal_uart_ex.c 0x00000000   Number         0  stm32f3xx_hal_uart_ex.o ABSOLUTE
    ..\F3_Drivers\STM32F3xx_HAL_Driver\Src\stm32f3xx_hal_usart.c 0x00000000   Number         0  stm32f3xx_hal_usart.o ABSOLUTE
    ..\F3_Drivers\STM32F3xx_HAL_Driver\Src\stm32f3xx_hal_wwdg.c 0x00000000   Number         0  stm32f3xx_hal_wwdg.o ABSOLUTE
    ..\\F3_Drivers\\STM32F3xx_HAL_Driver\\Src\\stm32f3xx_hal.c 0x00000000   Number         0  stm32f3xx_hal.o ABSOLUTE
    ..\\F3_Drivers\\STM32F3xx_HAL_Driver\\Src\\stm32f3xx_hal_adc.c 0x00000000   Number         0  stm32f3xx_hal_adc.o ABSOLUTE
    ..\\F3_Drivers\\STM32F3xx_HAL_Driver\\Src\\stm32f3xx_hal_adc_ex.c 0x00000000   Number         0  stm32f3xx_hal_adc_ex.o ABSOLUTE
    ..\\F3_Drivers\\STM32F3xx_HAL_Driver\\Src\\stm32f3xx_hal_comp.c 0x00000000   Number         0  stm32f3xx_hal_comp.o ABSOLUTE
    ..\\F3_Drivers\\STM32F3xx_HAL_Driver\\Src\\stm32f3xx_hal_cortex.c 0x00000000   Number         0  stm32f3xx_hal_cortex.o ABSOLUTE
    ..\\F3_Drivers\\STM32F3xx_HAL_Driver\\Src\\stm32f3xx_hal_dac.c 0x00000000   Number         0  stm32f3xx_hal_dac.o ABSOLUTE
    ..\\F3_Drivers\\STM32F3xx_HAL_Driver\\Src\\stm32f3xx_hal_dac_ex.c 0x00000000   Number         0  stm32f3xx_hal_dac_ex.o ABSOLUTE
    ..\\F3_Drivers\\STM32F3xx_HAL_Driver\\Src\\stm32f3xx_hal_dma.c 0x00000000   Number         0  stm32f3xx_hal_dma.o ABSOLUTE
    ..\\F3_Drivers\\STM32F3xx_HAL_Driver\\Src\\stm32f3xx_hal_flash.c 0x00000000   Number         0  stm32f3xx_hal_flash.o ABSOLUTE
    ..\\F3_Drivers\\STM32F3xx_HAL_Driver\\Src\\stm32f3xx_hal_flash_ex.c 0x00000000   Number         0  stm32f3xx_hal_flash_ex.o ABSOLUTE
    ..\\F3_Drivers\\STM32F3xx_HAL_Driver\\Src\\stm32f3xx_hal_gpio.c 0x00000000   Number         0  stm32f3xx_hal_gpio.o ABSOLUTE
    ..\\F3_Drivers\\STM32F3xx_HAL_Driver\\Src\\stm32f3xx_hal_hrtim.c 0x00000000   Number         0  stm32f3xx_hal_hrtim.o ABSOLUTE
    ..\\F3_Drivers\\STM32F3xx_HAL_Driver\\Src\\stm32f3xx_hal_irda.c 0x00000000   Number         0  stm32f3xx_hal_irda.o ABSOLUTE
    ..\\F3_Drivers\\STM32F3xx_HAL_Driver\\Src\\stm32f3xx_hal_iwdg.c 0x00000000   Number         0  stm32f3xx_hal_iwdg.o ABSOLUTE
    ..\\F3_Drivers\\STM32F3xx_HAL_Driver\\Src\\stm32f3xx_hal_opamp.c 0x00000000   Number         0  stm32f3xx_hal_opamp.o ABSOLUTE
    ..\\F3_Drivers\\STM32F3xx_HAL_Driver\\Src\\stm32f3xx_hal_opamp_ex.c 0x00000000   Number         0  stm32f3xx_hal_opamp_ex.o ABSOLUTE
    ..\\F3_Drivers\\STM32F3xx_HAL_Driver\\Src\\stm32f3xx_hal_pwr.c 0x00000000   Number         0  stm32f3xx_hal_pwr.o ABSOLUTE
    ..\\F3_Drivers\\STM32F3xx_HAL_Driver\\Src\\stm32f3xx_hal_pwr_ex.c 0x00000000   Number         0  stm32f3xx_hal_pwr_ex.o ABSOLUTE
    ..\\F3_Drivers\\STM32F3xx_HAL_Driver\\Src\\stm32f3xx_hal_rcc.c 0x00000000   Number         0  stm32f3xx_hal_rcc.o ABSOLUTE
    ..\\F3_Drivers\\STM32F3xx_HAL_Driver\\Src\\stm32f3xx_hal_rcc_ex.c 0x00000000   Number         0  stm32f3xx_hal_rcc_ex.o ABSOLUTE
    ..\\F3_Drivers\\STM32F3xx_HAL_Driver\\Src\\stm32f3xx_hal_rtc.c 0x00000000   Number         0  stm32f3xx_hal_rtc.o ABSOLUTE
    ..\\F3_Drivers\\STM32F3xx_HAL_Driver\\Src\\stm32f3xx_hal_rtc_ex.c 0x00000000   Number         0  stm32f3xx_hal_rtc_ex.o ABSOLUTE
    ..\\F3_Drivers\\STM32F3xx_HAL_Driver\\Src\\stm32f3xx_hal_sdadc.c 0x00000000   Number         0  stm32f3xx_hal_sdadc.o ABSOLUTE
    ..\\F3_Drivers\\STM32F3xx_HAL_Driver\\Src\\stm32f3xx_hal_spi.c 0x00000000   Number         0  stm32f3xx_hal_spi.o ABSOLUTE
    ..\\F3_Drivers\\STM32F3xx_HAL_Driver\\Src\\stm32f3xx_hal_spi_ex.c 0x00000000   Number         0  stm32f3xx_hal_spi_ex.o ABSOLUTE
    ..\\F3_Drivers\\STM32F3xx_HAL_Driver\\Src\\stm32f3xx_hal_sram.c 0x00000000   Number         0  stm32f3xx_hal_sram.o ABSOLUTE
    ..\\F3_Drivers\\STM32F3xx_HAL_Driver\\Src\\stm32f3xx_hal_tim.c 0x00000000   Number         0  stm32f3xx_hal_tim.o ABSOLUTE
    ..\\F3_Drivers\\STM32F3xx_HAL_Driver\\Src\\stm32f3xx_hal_tim_ex.c 0x00000000   Number         0  stm32f3xx_hal_tim_ex.o ABSOLUTE
    ..\\F3_Drivers\\STM32F3xx_HAL_Driver\\Src\\stm32f3xx_hal_uart.c 0x00000000   Number         0  stm32f3xx_hal_uart.o ABSOLUTE
    ..\\F3_Drivers\\STM32F3xx_HAL_Driver\\Src\\stm32f3xx_hal_uart_ex.c 0x00000000   Number         0  stm32f3xx_hal_uart_ex.o ABSOLUTE
    ..\\F3_Drivers\\STM32F3xx_HAL_Driver\\Src\\stm32f3xx_hal_usart.c 0x00000000   Number         0  stm32f3xx_hal_usart.o ABSOLUTE
    ..\\F3_Drivers\\STM32F3xx_HAL_Driver\\Src\\stm32f3xx_hal_wwdg.c 0x00000000   Number         0  stm32f3xx_hal_wwdg.o ABSOLUTE
    D:\SVN_PROJELER\Project_Child_Sense\Child_Sense_Working\Source_Code\F3_Drivers\HW_uart_bundle\uart_bundle.c 0x00000000   Number         0  uart_bundle.o ABSOLUTE
    D:\\SVN_PROJELER\\Project_Child_Sense\\Child_Sense_Working\\Source_Code\\F3_Drivers\\HW_uart_bundle\\uart_bundle.c 0x00000000   Number         0  uart_bundle.o ABSOLUTE
    Source\\main.c                           0x00000000   Number         0  main.o ABSOLUTE
    Source\\stm32f3xx_hal_msp.c              0x00000000   Number         0  stm32f3xx_hal_msp.o ABSOLUTE
    Source\\stm32f3xx_it.c                   0x00000000   Number         0  stm32f3xx_it.o ABSOLUTE
    Source\\system_stm32f3xx.c               0x00000000   Number         0  system_stm32f3xx.o ABSOLUTE
    Source\main.c                            0x00000000   Number         0  main.o ABSOLUTE
    Source\options_stm32f303xc.s             0x00000000   Number         0  options_stm32f303xc.o ABSOLUTE
    Source\startup_stm32f303xc.s             0x00000000   Number         0  startup_stm32f303xc.o ABSOLUTE
    Source\stm32f3xx_hal_msp.c               0x00000000   Number         0  stm32f3xx_hal_msp.o ABSOLUTE
    Source\stm32f3xx_it.c                    0x00000000   Number         0  stm32f3xx_it.o ABSOLUTE
    Source\system_stm32f3xx.c                0x00000000   Number         0  system_stm32f3xx.o ABSOLUTE
    cdrcmple.s                               0x00000000   Number         0  cdrcmple.o ABSOLUTE
    dc.s                                     0x00000000   Number         0  dc.o ABSOLUTE
    handlers.s                               0x00000000   Number         0  handlers.o ABSOLUTE
    init.s                                   0x00000000   Number         0  init.o ABSOLUTE
    RESET                                    0x08000000   Section      392  startup_stm32f303xc.o(RESET)
    .ARM.Collect$$$$00000000                 0x08000188   Section        0  entry.o(.ARM.Collect$$$$00000000)
    .ARM.Collect$$$$00000001                 0x08000188   Section        4  entry2.o(.ARM.Collect$$$$00000001)
    .ARM.Collect$$$$00000004                 0x0800018c   Section        4  entry5.o(.ARM.Collect$$$$00000004)
    .ARM.Collect$$$$00000008                 0x08000190   Section        0  entry7b.o(.ARM.Collect$$$$00000008)
    .ARM.Collect$$$$0000000A                 0x08000190   Section        0  entry8b.o(.ARM.Collect$$$$0000000A)
    .ARM.Collect$$$$0000000B                 0x08000190   Section        8  entry9a.o(.ARM.Collect$$$$0000000B)
    .ARM.Collect$$$$0000000D                 0x08000198   Section        0  entry10a.o(.ARM.Collect$$$$0000000D)
    .ARM.Collect$$$$0000000F                 0x08000198   Section        0  entry11a.o(.ARM.Collect$$$$0000000F)
    .ARM.Collect$$$$00002712                 0x08000198   Section        4  entry2.o(.ARM.Collect$$$$00002712)
    __lit__00000000                          0x08000198   Data           4  entry2.o(.ARM.Collect$$$$00002712)
    .text                                    0x0800019c   Section       36  startup_stm32f303xc.o(.text)
    $v0                                      0x0800019c   Number         0  startup_stm32f303xc.o(.text)
    .text                                    0x080001c0   Section        0  calloc.o(.text)
    .text                                    0x080001dc   Section        0  uidiv.o(.text)
    .text                                    0x08000208   Section       36  init.o(.text)
    .text                                    0x0800022c   Section        0  __dczerorl2.o(.text)
    i.ADC_Config_DMA_ExternalBat             0x08000284   Section        0  main.o(i.ADC_Config_DMA_ExternalBat)
    i.ADC_ConversionStop                     0x08000310   Section        0  stm32f3xx_hal_adc_ex.o(i.ADC_ConversionStop)
    ADC_ConversionStop                       0x08000311   Thumb Code   264  stm32f3xx_hal_adc_ex.o(i.ADC_ConversionStop)
    i.ADC_DMAConvCplt                        0x0800041c   Section        0  stm32f3xx_hal_adc_ex.o(i.ADC_DMAConvCplt)
    ADC_DMAConvCplt                          0x0800041d   Thumb Code    78  stm32f3xx_hal_adc_ex.o(i.ADC_DMAConvCplt)
    i.ADC_DMAError                           0x0800046a   Section        0  stm32f3xx_hal_adc_ex.o(i.ADC_DMAError)
    ADC_DMAError                             0x0800046b   Thumb Code    30  stm32f3xx_hal_adc_ex.o(i.ADC_DMAError)
    i.ADC_DMAHalfConvCplt                    0x08000488   Section        0  stm32f3xx_hal_adc_ex.o(i.ADC_DMAHalfConvCplt)
    ADC_DMAHalfConvCplt                      0x08000489   Thumb Code    14  stm32f3xx_hal_adc_ex.o(i.ADC_DMAHalfConvCplt)
    i.ADC_Disable                            0x08000496   Section        0  stm32f3xx_hal_adc_ex.o(i.ADC_Disable)
    ADC_Disable                              0x08000497   Thumb Code   152  stm32f3xx_hal_adc_ex.o(i.ADC_Disable)
    i.ADC_Enable                             0x08000530   Section        0  stm32f3xx_hal_adc_ex.o(i.ADC_Enable)
    ADC_Enable                               0x08000531   Thumb Code   140  stm32f3xx_hal_adc_ex.o(i.ADC_Enable)
    i.BusFault_Handler                       0x080005c0   Section        0  stm32f3xx_it.o(i.BusFault_Handler)
    i.DMA1_Channel4_IRQHandler               0x080005c4   Section        0  uart_bundle.o(i.DMA1_Channel4_IRQHandler)
    i.DMA1_Channel5_IRQHandler               0x080005e4   Section        0  uart_bundle.o(i.DMA1_Channel5_IRQHandler)
    i.DMA2_Channel1_IRQHandler               0x08000604   Section        0  stm32f3xx_it.o(i.DMA2_Channel1_IRQHandler)
    i.DMA_CalcBaseAndBitshift                0x08000614   Section        0  stm32f3xx_hal_dma.o(i.DMA_CalcBaseAndBitshift)
    DMA_CalcBaseAndBitshift                  0x08000615   Thumb Code    56  stm32f3xx_hal_dma.o(i.DMA_CalcBaseAndBitshift)
    i.DMA_SetConfig                          0x08000654   Section        0  stm32f3xx_hal_dma.o(i.DMA_SetConfig)
    DMA_SetConfig                            0x08000655   Thumb Code    44  stm32f3xx_hal_dma.o(i.DMA_SetConfig)
    i.DebugMon_Handler                       0x08000680   Section        0  stm32f3xx_it.o(i.DebugMon_Handler)
    i.FindMin                                0x08000682   Section        0  main.o(i.FindMin)
    FindMin                                  0x08000683   Thumb Code    38  main.o(i.FindMin)
    i.GPIO_INIT                              0x080006a8   Section        0  main.o(i.GPIO_INIT)
    i.HAL_ADCEx_Calibration_Start            0x080007c4   Section        0  stm32f3xx_hal_adc_ex.o(i.HAL_ADCEx_Calibration_Start)
    i.HAL_ADC_ConfigChannel                  0x08000870   Section        0  stm32f3xx_hal_adc_ex.o(i.HAL_ADC_ConfigChannel)
    i.HAL_ADC_ConvCpltCallback               0x08000cd8   Section        0  main.o(i.HAL_ADC_ConvCpltCallback)
    i.HAL_ADC_ConvHalfCpltCallback           0x08000cf0   Section        0  main.o(i.HAL_ADC_ConvHalfCpltCallback)
    i.HAL_ADC_DeInit                         0x08000d10   Section        0  stm32f3xx_hal_adc_ex.o(i.HAL_ADC_DeInit)
    i.HAL_ADC_ErrorCallback                  0x08000f54   Section        0  stm32f3xx_hal_adc.o(i.HAL_ADC_ErrorCallback)
    i.HAL_ADC_Init                           0x08000f58   Section        0  stm32f3xx_hal_adc_ex.o(i.HAL_ADC_Init)
    i.HAL_ADC_MspDeInit                      0x08001230   Section        0  stm32f3xx_hal_adc.o(i.HAL_ADC_MspDeInit)
    i.HAL_ADC_MspInit                        0x08001234   Section        0  stm32f3xx_hal_msp.o(i.HAL_ADC_MspInit)
    i.HAL_ADC_Start_DMA                      0x08001308   Section        0  stm32f3xx_hal_adc_ex.o(i.HAL_ADC_Start_DMA)
    i.HAL_DMA_Abort_IT                       0x080014bc   Section        0  stm32f3xx_hal_dma.o(i.HAL_DMA_Abort_IT)
    i.HAL_DMA_DeInit                         0x08001514   Section        0  stm32f3xx_hal_dma.o(i.HAL_DMA_DeInit)
    i.HAL_DMA_IRQHandler                     0x0800156a   Section        0  stm32f3xx_hal_dma.o(i.HAL_DMA_IRQHandler)
    i.HAL_DMA_Init                           0x08001650   Section        0  stm32f3xx_hal_dma.o(i.HAL_DMA_Init)
    i.HAL_DMA_Start_IT                       0x080016a6   Section        0  stm32f3xx_hal_dma.o(i.HAL_DMA_Start_IT)
    i.HAL_GPIO_DeInit                        0x08001744   Section        0  stm32f3xx_hal_gpio.o(i.HAL_GPIO_DeInit)
    i.HAL_GPIO_Init                          0x08001860   Section        0  stm32f3xx_hal_gpio.o(i.HAL_GPIO_Init)
    i.HAL_GPIO_WritePin                      0x08001a2c   Section        0  stm32f3xx_hal_gpio.o(i.HAL_GPIO_WritePin)
    i.HAL_GetTick                            0x08001a38   Section        0  stm32f3xx_hal.o(i.HAL_GetTick)
    i.HAL_IncTick                            0x08001a44   Section        0  stm32f3xx_hal.o(i.HAL_IncTick)
    i.HAL_Init                               0x08001a5c   Section        0  stm32f3xx_hal.o(i.HAL_Init)
    i.HAL_InitTick                           0x08001a84   Section        0  stm32f3xx_hal.o(i.HAL_InitTick)
    i.HAL_MspInit                            0x08001ad0   Section        0  stm32f3xx_hal_msp.o(i.HAL_MspInit)
    i.HAL_NVIC_DisableIRQ                    0x08001b58   Section        0  stm32f3xx_hal_cortex.o(i.HAL_NVIC_DisableIRQ)
    i.HAL_NVIC_EnableIRQ                     0x08001b74   Section        0  stm32f3xx_hal_cortex.o(i.HAL_NVIC_EnableIRQ)
    i.HAL_NVIC_SetPriority                   0x08001b8e   Section        0  stm32f3xx_hal_cortex.o(i.HAL_NVIC_SetPriority)
    i.HAL_NVIC_SetPriorityGrouping           0x08001c0c   Section        0  stm32f3xx_hal_cortex.o(i.HAL_NVIC_SetPriorityGrouping)
    i.HAL_RCC_ClockConfig                    0x08001c34   Section        0  stm32f3xx_hal_rcc.o(i.HAL_RCC_ClockConfig)
    i.HAL_RCC_GetHCLKFreq                    0x08001edc   Section        0  stm32f3xx_hal_rcc.o(i.HAL_RCC_GetHCLKFreq)
    i.HAL_RCC_GetPCLK1Freq                   0x08001ee8   Section        0  stm32f3xx_hal_rcc.o(i.HAL_RCC_GetPCLK1Freq)
    i.HAL_RCC_GetPCLK2Freq                   0x08001f14   Section        0  stm32f3xx_hal_rcc.o(i.HAL_RCC_GetPCLK2Freq)
    i.HAL_RCC_GetSysClockFreq                0x08001f40   Section        0  stm32f3xx_hal_rcc.o(i.HAL_RCC_GetSysClockFreq)
    i.HAL_RCC_OscConfig                      0x08001fcc   Section        0  stm32f3xx_hal_rcc.o(i.HAL_RCC_OscConfig)
    i.HAL_SYSTICK_CLKSourceConfig            0x080029d0   Section        0  stm32f3xx_hal_cortex.o(i.HAL_SYSTICK_CLKSourceConfig)
    i.HAL_SYSTICK_Config                     0x080029f8   Section        0  stm32f3xx_hal_cortex.o(i.HAL_SYSTICK_Config)
    i.HAL_TIMEx_Break2Callback               0x08002a2c   Section        0  stm32f3xx_hal_tim_ex.o(i.HAL_TIMEx_Break2Callback)
    i.HAL_TIMEx_BreakCallback                0x08002a2e   Section        0  stm32f3xx_hal_tim_ex.o(i.HAL_TIMEx_BreakCallback)
    i.HAL_TIMEx_CommutationCallback          0x08002a30   Section        0  stm32f3xx_hal_tim_ex.o(i.HAL_TIMEx_CommutationCallback)
    i.HAL_TIMEx_MasterConfigSynchronization  0x08002a34   Section        0  stm32f3xx_hal_tim_ex.o(i.HAL_TIMEx_MasterConfigSynchronization)
    i.HAL_TIM_Base_Init                      0x08002aa0   Section        0  stm32f3xx_hal_tim.o(i.HAL_TIM_Base_Init)
    i.HAL_TIM_Base_MspInit                   0x08002ad4   Section        0  stm32f3xx_hal_msp.o(i.HAL_TIM_Base_MspInit)
    i.HAL_TIM_Base_Start                     0x08002ae0   Section        0  stm32f3xx_hal_tim.o(i.HAL_TIM_Base_Start)
    i.HAL_TIM_ConfigClockSource              0x08002b00   Section        0  stm32f3xx_hal_tim.o(i.HAL_TIM_ConfigClockSource)
    i.HAL_TIM_IC_CaptureCallback             0x08002c38   Section        0  stm32f3xx_hal_tim.o(i.HAL_TIM_IC_CaptureCallback)
    i.HAL_TIM_IRQHandler                     0x08002c3a   Section        0  stm32f3xx_hal_tim.o(i.HAL_TIM_IRQHandler)
    i.HAL_TIM_OC_DelayElapsedCallback        0x08002df2   Section        0  stm32f3xx_hal_tim.o(i.HAL_TIM_OC_DelayElapsedCallback)
    i.HAL_TIM_PWM_PulseFinishedCallback      0x08002df4   Section        0  stm32f3xx_hal_tim.o(i.HAL_TIM_PWM_PulseFinishedCallback)
    i.HAL_TIM_PeriodElapsedCallback          0x08002df8   Section        0  main.o(i.HAL_TIM_PeriodElapsedCallback)
    i.HAL_TIM_TriggerCallback                0x08002e10   Section        0  stm32f3xx_hal_tim.o(i.HAL_TIM_TriggerCallback)
    i.HAL_UARTEx_WakeupCallback              0x08002e12   Section        0  stm32f3xx_hal_uart_ex.o(i.HAL_UARTEx_WakeupCallback)
    i.HAL_UART_DeInit                        0x08002e14   Section        0  stm32f3xx_hal_uart.o(i.HAL_UART_DeInit)
    i.HAL_UART_ErrorCallback                 0x08002e5c   Section        0  uart_bundle.o(i.HAL_UART_ErrorCallback)
    i.HAL_UART_IRQHandler                    0x08002e60   Section        0  stm32f3xx_hal_uart.o(i.HAL_UART_IRQHandler)
    i.HAL_UART_Init                          0x08002fec   Section        0  stm32f3xx_hal_uart.o(i.HAL_UART_Init)
    i.HAL_UART_MspDeInit                     0x08003064   Section        0  uart_bundle.o(i.HAL_UART_MspDeInit)
    i.HAL_UART_MspInit                       0x080030a0   Section        0  uart_bundle.o(i.HAL_UART_MspInit)
    i.HAL_UART_Receive_DMA                   0x080030d0   Section        0  stm32f3xx_hal_uart.o(i.HAL_UART_Receive_DMA)
    i.HAL_UART_Receive_IT                    0x08003178   Section        0  stm32f3xx_hal_uart.o(i.HAL_UART_Receive_IT)
    i.HAL_UART_RxCpltCallback                0x08003218   Section        0  uart_bundle.o(i.HAL_UART_RxCpltCallback)
    i.HAL_UART_RxHalfCpltCallback            0x0800322c   Section        0  stm32f3xx_hal_uart.o(i.HAL_UART_RxHalfCpltCallback)
    i.HAL_UART_Transmit_DMA                  0x08003230   Section        0  stm32f3xx_hal_uart.o(i.HAL_UART_Transmit_DMA)
    i.HAL_UART_Transmit_IT                   0x080032cc   Section        0  stm32f3xx_hal_uart.o(i.HAL_UART_Transmit_IT)
    i.HAL_UART_TxCpltCallback                0x08003326   Section        0  uart_bundle.o(i.HAL_UART_TxCpltCallback)
    i.HAL_UART_TxHalfCpltCallback            0x0800333a   Section        0  stm32f3xx_hal_uart.o(i.HAL_UART_TxHalfCpltCallback)
    i.HardFault_Handler                      0x0800333c   Section        0  stm32f3xx_it.o(i.HardFault_Handler)
    i.MemManage_Handler                      0x08003340   Section        0  stm32f3xx_it.o(i.MemManage_Handler)
    i.NMI_Handler                            0x08003344   Section        0  stm32f3xx_it.o(i.NMI_Handler)
    i.NVIC_GetPriorityGrouping               0x08003348   Section        0  stm32f3xx_hal_cortex.o(i.NVIC_GetPriorityGrouping)
    NVIC_GetPriorityGrouping                 0x08003349   Thumb Code    10  stm32f3xx_hal_cortex.o(i.NVIC_GetPriorityGrouping)
    i.NVIC_SetPriority                       0x08003358   Section        0  stm32f3xx_hal_cortex.o(i.NVIC_SetPriority)
    NVIC_SetPriority                         0x08003359   Thumb Code    32  stm32f3xx_hal_cortex.o(i.NVIC_SetPriority)
    i.PendSV_Handler                         0x08003380   Section        0  stm32f3xx_it.o(i.PendSV_Handler)
    i.RXReturnCallback                       0x08003384   Section        0  main.o(i.RXReturnCallback)
    i.ReCockTheReceiver                      0x080033e0   Section        0  uart_bundle.o(i.ReCockTheReceiver)
    ReCockTheReceiver                        0x080033e1   Thumb Code    56  uart_bundle.o(i.ReCockTheReceiver)
    i.SVC_Handler                            0x08003420   Section        0  stm32f3xx_it.o(i.SVC_Handler)
    i.SysTick_Handler                        0x08003422   Section        0  stm32f3xx_it.o(i.SysTick_Handler)
    i.SystemClock_Config_Custom              0x0800342c   Section        0  main.o(i.SystemClock_Config_Custom)
    i.SystemInit                             0x08003528   Section        0  system_stm32f3xx.o(i.SystemInit)
    i.TIM8_UP_IRQHandler                     0x080035a4   Section        0  stm32f3xx_it.o(i.TIM8_UP_IRQHandler)
    i.TIMCLKInit                             0x080035b4   Section        0  stm32f3xx_hal_msp.o(i.TIMCLKInit)
    TIMCLKInit                               0x080035b5   Thumb Code   364  stm32f3xx_hal_msp.o(i.TIMCLKInit)
    i.TIM_Base_SetConfig                     0x08003748   Section        0  stm32f3xx_hal_tim.o(i.TIM_Base_SetConfig)
    i.TIM_ETR_SetConfig                      0x08003804   Section        0  stm32f3xx_hal_tim.o(i.TIM_ETR_SetConfig)
    i.TIM_ITRx_SetConfig                     0x0800381c   Section        0  stm32f3xx_hal_tim.o(i.TIM_ITRx_SetConfig)
    TIM_ITRx_SetConfig                       0x0800381d   Thumb Code    20  stm32f3xx_hal_tim.o(i.TIM_ITRx_SetConfig)
    i.TIM_TI1_ConfigInputStage               0x08003830   Section        0  stm32f3xx_hal_tim.o(i.TIM_TI1_ConfigInputStage)
    TIM_TI1_ConfigInputStage                 0x08003831   Thumb Code    42  stm32f3xx_hal_tim.o(i.TIM_TI1_ConfigInputStage)
    i.TIM_TI2_ConfigInputStage               0x0800385a   Section        0  stm32f3xx_hal_tim.o(i.TIM_TI2_ConfigInputStage)
    TIM_TI2_ConfigInputStage                 0x0800385b   Thumb Code    44  stm32f3xx_hal_tim.o(i.TIM_TI2_ConfigInputStage)
    i.TIM_TriggerSource_Config               0x08003886   Section        0  main.o(i.TIM_TriggerSource_Config)
    i.TXReturnCallback                       0x080038e6   Section        0  main.o(i.TXReturnCallback)
    i.UART_AdvFeatureConfig                  0x080038ea   Section        0  stm32f3xx_hal_uart.o(i.UART_AdvFeatureConfig)
    i.UART_CheckIdleState                    0x080039e2   Section        0  stm32f3xx_hal_uart.o(i.UART_CheckIdleState)
    i.UART_DMAAbortOnError                   0x08003a56   Section        0  stm32f3xx_hal_uart.o(i.UART_DMAAbortOnError)
    UART_DMAAbortOnError                     0x08003a57   Thumb Code    24  stm32f3xx_hal_uart.o(i.UART_DMAAbortOnError)
    i.UART_DMAError                          0x08003a6e   Section        0  stm32f3xx_hal_uart.o(i.UART_DMAError)
    UART_DMAError                            0x08003a6f   Thumb Code    86  stm32f3xx_hal_uart.o(i.UART_DMAError)
    i.UART_DMAReceiveCplt                    0x08003ac4   Section        0  stm32f3xx_hal_uart.o(i.UART_DMAReceiveCplt)
    UART_DMAReceiveCplt                      0x08003ac5   Thumb Code    72  stm32f3xx_hal_uart.o(i.UART_DMAReceiveCplt)
    i.UART_DMARxHalfCplt                     0x08003b0c   Section        0  stm32f3xx_hal_uart.o(i.UART_DMARxHalfCplt)
    UART_DMARxHalfCplt                       0x08003b0d   Thumb Code    14  stm32f3xx_hal_uart.o(i.UART_DMARxHalfCplt)
    i.UART_DMATransmitCplt                   0x08003b1a   Section        0  stm32f3xx_hal_uart.o(i.UART_DMATransmitCplt)
    UART_DMATransmitCplt                     0x08003b1b   Thumb Code    56  stm32f3xx_hal_uart.o(i.UART_DMATransmitCplt)
    i.UART_DMATxHalfCplt                     0x08003b52   Section        0  stm32f3xx_hal_uart.o(i.UART_DMATxHalfCplt)
    UART_DMATxHalfCplt                       0x08003b53   Thumb Code    14  stm32f3xx_hal_uart.o(i.UART_DMATxHalfCplt)
    i.UART_EndRxTransfer                     0x08003b60   Section        0  stm32f3xx_hal_uart.o(i.UART_EndRxTransfer)
    UART_EndRxTransfer                       0x08003b61   Thumb Code    32  stm32f3xx_hal_uart.o(i.UART_EndRxTransfer)
    i.UART_EndTransmit_IT                    0x08003b80   Section        0  stm32f3xx_hal_uart.o(i.UART_EndTransmit_IT)
    i.UART_EndTxTransfer                     0x08003ba0   Section        0  stm32f3xx_hal_uart.o(i.UART_EndTxTransfer)
    UART_EndTxTransfer                       0x08003ba1   Thumb Code    20  stm32f3xx_hal_uart.o(i.UART_EndTxTransfer)
    i.UART_INIT                              0x08003bb4   Section        0  uart_bundle.o(i.UART_INIT)
    i.UART_Receive_IT                        0x08003c50   Section        0  stm32f3xx_hal_uart.o(i.UART_Receive_IT)
    i.UART_SetConfig                         0x08003cdc   Section        0  stm32f3xx_hal_uart.o(i.UART_SetConfig)
    i.UART_Transmit_IT                       0x08003fc8   Section        0  stm32f3xx_hal_uart.o(i.UART_Transmit_IT)
    i.UART_WaitOnFlagUntilTimeout            0x08004032   Section        0  stm32f3xx_hal_uart.o(i.UART_WaitOnFlagUntilTimeout)
    i.USART1_IRQHandler                      0x080040a0   Section        0  uart_bundle.o(i.USART1_IRQHandler)
    i.UsageFault_Handler                     0x080040b0   Section        0  stm32f3xx_it.o(i.UsageFault_Handler)
    i.__0sprintf$6                           0x080040b4   Section        0  printf6.o(i.__0sprintf$6)
    i.__scatterload_copy                     0x080040dc   Section       14  handlers.o(i.__scatterload_copy)
    i.__scatterload_null                     0x080040ea   Section        2  handlers.o(i.__scatterload_null)
    i.__scatterload_zeroinit                 0x080040ec   Section       14  handlers.o(i.__scatterload_zeroinit)
    i._printf_core                           0x080040fc   Section        0  printf6.o(i._printf_core)
    _printf_core                             0x080040fd   Thumb Code   748  printf6.o(i._printf_core)
    i._printf_post_padding                   0x080043ec   Section        0  printf6.o(i._printf_post_padding)
    _printf_post_padding                     0x080043ed   Thumb Code    36  printf6.o(i._printf_post_padding)
    i._printf_pre_padding                    0x08004410   Section        0  printf6.o(i._printf_pre_padding)
    _printf_pre_padding                      0x08004411   Thumb Code    46  printf6.o(i._printf_pre_padding)
    i._sputc                                 0x0800443e   Section        0  printf6.o(i._sputc)
    _sputc                                   0x0800443f   Thumb Code    10  printf6.o(i._sputc)
    i.main                                   0x08004448   Section        0  main.o(i.main)
    i.malloc                                 0x080045e0   Section        0  malloc.o(i.malloc)
    i.reCockDMA                              0x0800464c   Section        0  main.o(i.reCockDMA)
    i.sendStringDataMan                      0x08004684   Section        0  uart_bundle.o(i.sendStringDataMan)
    i.uartDMAinit                            0x08004710   Section        0  uart_bundle.o(i.uartDMAinit)
    uartDMAinit                              0x08004711   Thumb Code   308  uart_bundle.o(i.uartDMAinit)
    i.uartINTERRUPTInit                      0x08004854   Section        0  uart_bundle.o(i.uartINTERRUPTInit)
    uartINTERRUPTInit                        0x08004855   Thumb Code   156  uart_bundle.o(i.uartINTERRUPTInit)
    .constdata                               0x080048f4   Section       24  system_stm32f3xx.o(.constdata)
    .constdata                               0x0800490c   Section       32  stm32f3xx_hal_rcc.o(.constdata)
    .data                                    0x20000000   Section     2018  main.o(.data)
    first_init                               0x200007e1   Data           1  main.o(.data)
    .data                                    0x200007e4   Section        4  system_stm32f3xx.o(.data)
    .data                                    0x200007e8   Section       24  uart_bundle.o(.data)
    pS_UartHandle                            0x200007e8   Data           4  uart_bundle.o(.data)
    __RXBuffer                               0x200007ec   Data           4  uart_bundle.o(.data)
    __TXBuffer                               0x200007f0   Data           4  uart_bundle.o(.data)
    s_UART_DMA_INIT                          0x200007f4   Data           1  uart_bundle.o(.data)
    a                                        0x200007f8   Data           4  uart_bundle.o(.data)
    a                                        0x200007fc   Data           4  uart_bundle.o(.data)
    .data                                    0x20000800   Section        9  stm32f3xx_hal.o(.data)
    .data                                    0x2000080c   Section        4  mvars.o(.data)
    .data                                    0x20000810   Section        4  mvars.o(.data)
    .bss                                     0x20000814   Section      732  main.o(.bss)
    .bss                                     0x20000af0   Section      136  uart_bundle.o(.bss)
    hdma_tx                                  0x20000af0   Data          68  uart_bundle.o(.bss)
    hdma_rx                                  0x20000b34   Data          68  uart_bundle.o(.bss)
    HEAP                                     0x20000b78   Section    16384  startup_stm32f303xc.o(HEAP)
    STACK                                    0x20004b78   Section     1280  startup_stm32f303xc.o(STACK)

    Global Symbols

    Symbol Name                              Value     Ov Type        Size  Object(Section)

    BuildAttributes$$THM_ISAv4$E$P$D$K$B$S$7EM$VFPi3$EXTD16$VFPS$VFMA$PE$A:L22UL41UL21$X:L11$S22US41US21$IEEE1$IW$USESV6$~STKCKD$USESV7$~SHL$OSPACE$ROPI$EBA8$MICROLIB$REQ8$PRES8$EABIv2 0x00000000   Number         0  anon$$obj.o ABSOLUTE
    __ARM_use_no_argv                        0x00000000   Number         0  main.o ABSOLUTE
    _printf_a                                0x00000000   Number         0  stubs.o ABSOLUTE
    _printf_c                                0x00000000   Number         0  stubs.o ABSOLUTE
    _printf_charcount                        0x00000000   Number         0  stubs.o ABSOLUTE
    _printf_d                                0x00000000   Number         0  stubs.o ABSOLUTE
    _printf_e                                0x00000000   Number         0  stubs.o ABSOLUTE
    _printf_f                                0x00000000   Number         0  stubs.o ABSOLUTE
    _printf_flags                            0x00000000   Number         0  stubs.o ABSOLUTE
    _printf_fp_dec                           0x00000000   Number         0  stubs.o ABSOLUTE
    _printf_fp_hex                           0x00000000   Number         0  stubs.o ABSOLUTE
    _printf_g                                0x00000000   Number         0  stubs.o ABSOLUTE
    _printf_i                                0x00000000   Number         0  stubs.o ABSOLUTE
    _printf_int_dec                          0x00000000   Number         0  stubs.o ABSOLUTE
    _printf_l                                0x00000000   Number         0  stubs.o ABSOLUTE
    _printf_lc                               0x00000000   Number         0  stubs.o ABSOLUTE
    _printf_ll                               0x00000000   Number         0  stubs.o ABSOLUTE
    _printf_lld                              0x00000000   Number         0  stubs.o ABSOLUTE
    _printf_lli                              0x00000000   Number         0  stubs.o ABSOLUTE
    _printf_llo                              0x00000000   Number         0  stubs.o ABSOLUTE
    _printf_llu                              0x00000000   Number         0  stubs.o ABSOLUTE
    _printf_llx                              0x00000000   Number         0  stubs.o ABSOLUTE
    _printf_longlong_dec                     0x00000000   Number         0  stubs.o ABSOLUTE
    _printf_longlong_hex                     0x00000000   Number         0  stubs.o ABSOLUTE
    _printf_longlong_oct                     0x00000000   Number         0  stubs.o ABSOLUTE
    _printf_ls                               0x00000000   Number         0  stubs.o ABSOLUTE
    _printf_mbtowc                           0x00000000   Number         0  stubs.o ABSOLUTE
    _printf_n                                0x00000000   Number         0  stubs.o ABSOLUTE
    _printf_o                                0x00000000   Number         0  stubs.o ABSOLUTE
    _printf_p                                0x00000000   Number         0  stubs.o ABSOLUTE
    _printf_percent                          0x00000000   Number         0  stubs.o ABSOLUTE
    _printf_pre_padding                      0x00000000   Number         0  stubs.o ABSOLUTE
    _printf_return_value                     0x00000000   Number         0  stubs.o ABSOLUTE
    _printf_s                                0x00000000   Number         0  stubs.o ABSOLUTE
    _printf_sizespec                         0x00000000   Number         0  stubs.o ABSOLUTE
    _printf_str                              0x00000000   Number         0  stubs.o ABSOLUTE
    _printf_truncate_signed                  0x00000000   Number         0  stubs.o ABSOLUTE
    _printf_truncate_unsigned                0x00000000   Number         0  stubs.o ABSOLUTE
    _printf_u                                0x00000000   Number         0  stubs.o ABSOLUTE
    _printf_wc                               0x00000000   Number         0  stubs.o ABSOLUTE
    _printf_wctomb                           0x00000000   Number         0  stubs.o ABSOLUTE
    _printf_widthprec                        0x00000000   Number         0  stubs.o ABSOLUTE
    _printf_x                                0x00000000   Number         0  stubs.o ABSOLUTE
    __cpp_initialize__aeabi_                  - Undefined Weak Reference
    __cxa_finalize                            - Undefined Weak Reference
    _clock_init                               - Undefined Weak Reference
    _microlib_exit                            - Undefined Weak Reference
    __Vectors_Size                           0x00000188   Number         0  startup_stm32f303xc.o ABSOLUTE
    __Vectors                                0x08000000   Data           4  startup_stm32f303xc.o(RESET)
    __Vectors_End                            0x08000188   Data           0  startup_stm32f303xc.o(RESET)
    __main                                   0x08000189   Thumb Code     0  entry.o(.ARM.Collect$$$$00000000)
    _main_stk                                0x08000189   Thumb Code     0  entry2.o(.ARM.Collect$$$$00000001)
    _main_scatterload                        0x0800018d   Thumb Code     0  entry5.o(.ARM.Collect$$$$00000004)
    __main_after_scatterload                 0x08000191   Thumb Code     0  entry5.o(.ARM.Collect$$$$00000004)
    _main_clock                              0x08000191   Thumb Code     0  entry7b.o(.ARM.Collect$$$$00000008)
    _main_cpp_init                           0x08000191   Thumb Code     0  entry8b.o(.ARM.Collect$$$$0000000A)
    _main_init                               0x08000191   Thumb Code     0  entry9a.o(.ARM.Collect$$$$0000000B)
    __rt_final_cpp                           0x08000199   Thumb Code     0  entry10a.o(.ARM.Collect$$$$0000000D)
    __rt_final_exit                          0x08000199   Thumb Code     0  entry11a.o(.ARM.Collect$$$$0000000F)
    Reset_Handler                            0x0800019d   Thumb Code     8  startup_stm32f303xc.o(.text)
    ADC1_2_IRQHandler                        0x080001b7   Thumb Code     0  startup_stm32f303xc.o(.text)
    ADC3_IRQHandler                          0x080001b7   Thumb Code     0  startup_stm32f303xc.o(.text)
    ADC4_IRQHandler                          0x080001b7   Thumb Code     0  startup_stm32f303xc.o(.text)
    CAN_RX1_IRQHandler                       0x080001b7   Thumb Code     0  startup_stm32f303xc.o(.text)
    CAN_SCE_IRQHandler                       0x080001b7   Thumb Code     0  startup_stm32f303xc.o(.text)
    COMP1_2_3_IRQHandler                     0x080001b7   Thumb Code     0  startup_stm32f303xc.o(.text)
    COMP4_5_6_IRQHandler                     0x080001b7   Thumb Code     0  startup_stm32f303xc.o(.text)
    COMP7_IRQHandler                         0x080001b7   Thumb Code     0  startup_stm32f303xc.o(.text)
    DMA1_Channel1_IRQHandler                 0x080001b7   Thumb Code     0  startup_stm32f303xc.o(.text)
    DMA1_Channel2_IRQHandler                 0x080001b7   Thumb Code     0  startup_stm32f303xc.o(.text)
    DMA1_Channel3_IRQHandler                 0x080001b7   Thumb Code     0  startup_stm32f303xc.o(.text)
    DMA1_Channel6_IRQHandler                 0x080001b7   Thumb Code     0  startup_stm32f303xc.o(.text)
    DMA1_Channel7_IRQHandler                 0x080001b7   Thumb Code     0  startup_stm32f303xc.o(.text)
    DMA2_Channel2_IRQHandler                 0x080001b7   Thumb Code     0  startup_stm32f303xc.o(.text)
    DMA2_Channel3_IRQHandler                 0x080001b7   Thumb Code     0  startup_stm32f303xc.o(.text)
    DMA2_Channel4_IRQHandler                 0x080001b7   Thumb Code     0  startup_stm32f303xc.o(.text)
    DMA2_Channel5_IRQHandler                 0x080001b7   Thumb Code     0  startup_stm32f303xc.o(.text)
    EXTI0_IRQHandler                         0x080001b7   Thumb Code     0  startup_stm32f303xc.o(.text)
    EXTI15_10_IRQHandler                     0x080001b7   Thumb Code     0  startup_stm32f303xc.o(.text)
    EXTI1_IRQHandler                         0x080001b7   Thumb Code     0  startup_stm32f303xc.o(.text)
    EXTI2_TSC_IRQHandler                     0x080001b7   Thumb Code     0  startup_stm32f303xc.o(.text)
    EXTI3_IRQHandler                         0x080001b7   Thumb Code     0  startup_stm32f303xc.o(.text)
    EXTI4_IRQHandler                         0x080001b7   Thumb Code     0  startup_stm32f303xc.o(.text)
    EXTI9_5_IRQHandler                       0x080001b7   Thumb Code     0  startup_stm32f303xc.o(.text)
    FLASH_IRQHandler                         0x080001b7   Thumb Code     0  startup_stm32f303xc.o(.text)
    FPU_IRQHandler                           0x080001b7   Thumb Code     0  startup_stm32f303xc.o(.text)
    I2C1_ER_IRQHandler                       0x080001b7   Thumb Code     0  startup_stm32f303xc.o(.text)
    I2C1_EV_IRQHandler                       0x080001b7   Thumb Code     0  startup_stm32f303xc.o(.text)
    I2C2_ER_IRQHandler                       0x080001b7   Thumb Code     0  startup_stm32f303xc.o(.text)
    I2C2_EV_IRQHandler                       0x080001b7   Thumb Code     0  startup_stm32f303xc.o(.text)
    PVD_IRQHandler                           0x080001b7   Thumb Code     0  startup_stm32f303xc.o(.text)
    RCC_IRQHandler                           0x080001b7   Thumb Code     0  startup_stm32f303xc.o(.text)
    RTC_Alarm_IRQHandler                     0x080001b7   Thumb Code     0  startup_stm32f303xc.o(.text)
    RTC_WKUP_IRQHandler                      0x080001b7   Thumb Code     0  startup_stm32f303xc.o(.text)
    SPI1_IRQHandler                          0x080001b7   Thumb Code     0  startup_stm32f303xc.o(.text)
    SPI2_IRQHandler                          0x080001b7   Thumb Code     0  startup_stm32f303xc.o(.text)
    SPI3_IRQHandler                          0x080001b7   Thumb Code     0  startup_stm32f303xc.o(.text)
    TAMP_STAMP_IRQHandler                    0x080001b7   Thumb Code     0  startup_stm32f303xc.o(.text)
    TIM1_BRK_TIM15_IRQHandler                0x080001b7   Thumb Code     0  startup_stm32f303xc.o(.text)
    TIM1_CC_IRQHandler                       0x080001b7   Thumb Code     0  startup_stm32f303xc.o(.text)
    TIM1_TRG_COM_TIM17_IRQHandler            0x080001b7   Thumb Code     0  startup_stm32f303xc.o(.text)
    TIM1_UP_TIM16_IRQHandler                 0x080001b7   Thumb Code     0  startup_stm32f303xc.o(.text)
    TIM2_IRQHandler                          0x080001b7   Thumb Code     0  startup_stm32f303xc.o(.text)
    TIM3_IRQHandler                          0x080001b7   Thumb Code     0  startup_stm32f303xc.o(.text)
    TIM4_IRQHandler                          0x080001b7   Thumb Code     0  startup_stm32f303xc.o(.text)
    TIM6_DAC_IRQHandler                      0x080001b7   Thumb Code     0  startup_stm32f303xc.o(.text)
    TIM7_IRQHandler                          0x080001b7   Thumb Code     0  startup_stm32f303xc.o(.text)
    TIM8_BRK_IRQHandler                      0x080001b7   Thumb Code     0  startup_stm32f303xc.o(.text)
    TIM8_CC_IRQHandler                       0x080001b7   Thumb Code     0  startup_stm32f303xc.o(.text)
    TIM8_TRG_COM_IRQHandler                  0x080001b7   Thumb Code     0  startup_stm32f303xc.o(.text)
    UART4_IRQHandler                         0x080001b7   Thumb Code     0  startup_stm32f303xc.o(.text)
    UART5_IRQHandler                         0x080001b7   Thumb Code     0  startup_stm32f303xc.o(.text)
    USART2_IRQHandler                        0x080001b7   Thumb Code     0  startup_stm32f303xc.o(.text)
    USART3_IRQHandler                        0x080001b7   Thumb Code     0  startup_stm32f303xc.o(.text)
    USBWakeUp_IRQHandler                     0x080001b7   Thumb Code     0  startup_stm32f303xc.o(.text)
    USBWakeUp_RMP_IRQHandler                 0x080001b7   Thumb Code     0  startup_stm32f303xc.o(.text)
    USB_HP_CAN_TX_IRQHandler                 0x080001b7   Thumb Code     0  startup_stm32f303xc.o(.text)
    USB_HP_IRQHandler                        0x080001b7   Thumb Code     0  startup_stm32f303xc.o(.text)
    USB_LP_CAN_RX0_IRQHandler                0x080001b7   Thumb Code     0  startup_stm32f303xc.o(.text)
    USB_LP_IRQHandler                        0x080001b7   Thumb Code     0  startup_stm32f303xc.o(.text)
    WWDG_IRQHandler                          0x080001b7   Thumb Code     0  startup_stm32f303xc.o(.text)
    calloc                                   0x080001c1   Thumb Code    28  calloc.o(.text)
    __aeabi_uidiv                            0x080001dd   Thumb Code     0  uidiv.o(.text)
    __aeabi_uidivmod                         0x080001dd   Thumb Code    44  uidiv.o(.text)
    __scatterload                            0x08000209   Thumb Code    28  init.o(.text)
    __scatterload_rt2                        0x08000209   Thumb Code     0  init.o(.text)
    __decompress                             0x0800022d   Thumb Code     0  __dczerorl2.o(.text)
    __decompress1                            0x0800022d   Thumb Code    86  __dczerorl2.o(.text)
    ADC_Config_DMA_ExternalBat               0x08000285   Thumb Code   136  main.o(i.ADC_Config_DMA_ExternalBat)
    BusFault_Handler                         0x080005c1   Thumb Code     4  stm32f3xx_it.o(i.BusFault_Handler)
    DMA1_Channel4_IRQHandler                 0x080005c5   Thumb Code    22  uart_bundle.o(i.DMA1_Channel4_IRQHandler)
    DMA1_Channel5_IRQHandler                 0x080005e5   Thumb Code    22  uart_bundle.o(i.DMA1_Channel5_IRQHandler)
    DMA2_Channel1_IRQHandler                 0x08000605   Thumb Code    12  stm32f3xx_it.o(i.DMA2_Channel1_IRQHandler)
    DebugMon_Handler                         0x08000681   Thumb Code     2  stm32f3xx_it.o(i.DebugMon_Handler)
    GPIO_INIT                                0x080006a9   Thumb Code   260  main.o(i.GPIO_INIT)
    HAL_ADCEx_Calibration_Start              0x080007c5   Thumb Code   172  stm32f3xx_hal_adc_ex.o(i.HAL_ADCEx_Calibration_Start)
    HAL_ADC_ConfigChannel                    0x08000871   Thumb Code  1094  stm32f3xx_hal_adc_ex.o(i.HAL_ADC_ConfigChannel)
    HAL_ADC_ConvCpltCallback                 0x08000cd9   Thumb Code    16  main.o(i.HAL_ADC_ConvCpltCallback)
    HAL_ADC_ConvHalfCpltCallback             0x08000cf1   Thumb Code    24  main.o(i.HAL_ADC_ConvHalfCpltCallback)
    HAL_ADC_DeInit                           0x08000d11   Thumb Code   540  stm32f3xx_hal_adc_ex.o(i.HAL_ADC_DeInit)
    HAL_ADC_ErrorCallback                    0x08000f55   Thumb Code     2  stm32f3xx_hal_adc.o(i.HAL_ADC_ErrorCallback)
    HAL_ADC_Init                             0x08000f59   Thumb Code   696  stm32f3xx_hal_adc_ex.o(i.HAL_ADC_Init)
    HAL_ADC_MspDeInit                        0x08001231   Thumb Code     2  stm32f3xx_hal_adc.o(i.HAL_ADC_MspDeInit)
    HAL_ADC_MspInit                          0x08001235   Thumb Code   194  stm32f3xx_hal_msp.o(i.HAL_ADC_MspInit)
    HAL_ADC_Start_DMA                        0x08001309   Thumb Code   408  stm32f3xx_hal_adc_ex.o(i.HAL_ADC_Start_DMA)
    HAL_DMA_Abort_IT                         0x080014bd   Thumb Code    88  stm32f3xx_hal_dma.o(i.HAL_DMA_Abort_IT)
    HAL_DMA_DeInit                           0x08001515   Thumb Code    86  stm32f3xx_hal_dma.o(i.HAL_DMA_DeInit)
    HAL_DMA_IRQHandler                       0x0800156b   Thumb Code   230  stm32f3xx_hal_dma.o(i.HAL_DMA_IRQHandler)
    HAL_DMA_Init                             0x08001651   Thumb Code    86  stm32f3xx_hal_dma.o(i.HAL_DMA_Init)
    HAL_DMA_Start_IT                         0x080016a7   Thumb Code   156  stm32f3xx_hal_dma.o(i.HAL_DMA_Start_IT)
    HAL_GPIO_DeInit                          0x08001745   Thumb Code   258  stm32f3xx_hal_gpio.o(i.HAL_GPIO_DeInit)
    HAL_GPIO_Init                            0x08001861   Thumb Code   432  stm32f3xx_hal_gpio.o(i.HAL_GPIO_Init)
    HAL_GPIO_WritePin                        0x08001a2d   Thumb Code    10  stm32f3xx_hal_gpio.o(i.HAL_GPIO_WritePin)
    HAL_GetTick                              0x08001a39   Thumb Code     6  stm32f3xx_hal.o(i.HAL_GetTick)
    HAL_IncTick                              0x08001a45   Thumb Code    16  stm32f3xx_hal.o(i.HAL_IncTick)
    HAL_Init                                 0x08001a5d   Thumb Code    34  stm32f3xx_hal.o(i.HAL_Init)
    HAL_InitTick                             0x08001a85   Thumb Code    64  stm32f3xx_hal.o(i.HAL_InitTick)
    HAL_MspInit                              0x08001ad1   Thumb Code   130  stm32f3xx_hal_msp.o(i.HAL_MspInit)
    HAL_NVIC_DisableIRQ                      0x08001b59   Thumb Code    22  stm32f3xx_hal_cortex.o(i.HAL_NVIC_DisableIRQ)
    HAL_NVIC_EnableIRQ                       0x08001b75   Thumb Code    26  stm32f3xx_hal_cortex.o(i.HAL_NVIC_EnableIRQ)
    HAL_NVIC_SetPriority                     0x08001b8f   Thumb Code   124  stm32f3xx_hal_cortex.o(i.HAL_NVIC_SetPriority)
    HAL_NVIC_SetPriorityGrouping             0x08001c0d   Thumb Code    32  stm32f3xx_hal_cortex.o(i.HAL_NVIC_SetPriorityGrouping)
    HAL_RCC_ClockConfig                      0x08001c35   Thumb Code   662  stm32f3xx_hal_rcc.o(i.HAL_RCC_ClockConfig)
    HAL_RCC_GetHCLKFreq                      0x08001edd   Thumb Code     6  stm32f3xx_hal_rcc.o(i.HAL_RCC_GetHCLKFreq)
    HAL_RCC_GetPCLK1Freq                     0x08001ee9   Thumb Code    36  stm32f3xx_hal_rcc.o(i.HAL_RCC_GetPCLK1Freq)
    HAL_RCC_GetPCLK2Freq                     0x08001f15   Thumb Code    36  stm32f3xx_hal_rcc.o(i.HAL_RCC_GetPCLK2Freq)
    HAL_RCC_GetSysClockFreq                  0x08001f41   Thumb Code   120  stm32f3xx_hal_rcc.o(i.HAL_RCC_GetSysClockFreq)
    HAL_RCC_OscConfig                        0x08001fcd   Thumb Code  2554  stm32f3xx_hal_rcc.o(i.HAL_RCC_OscConfig)
    HAL_SYSTICK_CLKSourceConfig              0x080029d1   Thumb Code    40  stm32f3xx_hal_cortex.o(i.HAL_SYSTICK_CLKSourceConfig)
    HAL_SYSTICK_Config                       0x080029f9   Thumb Code    52  stm32f3xx_hal_cortex.o(i.HAL_SYSTICK_Config)
    HAL_TIMEx_Break2Callback                 0x08002a2d   Thumb Code     2  stm32f3xx_hal_tim_ex.o(i.HAL_TIMEx_Break2Callback)
    HAL_TIMEx_BreakCallback                  0x08002a2f   Thumb Code     2  stm32f3xx_hal_tim_ex.o(i.HAL_TIMEx_BreakCallback)
    HAL_TIMEx_CommutationCallback            0x08002a31   Thumb Code     2  stm32f3xx_hal_tim_ex.o(i.HAL_TIMEx_CommutationCallback)
    HAL_TIMEx_MasterConfigSynchronization    0x08002a35   Thumb Code    98  stm32f3xx_hal_tim_ex.o(i.HAL_TIMEx_MasterConfigSynchronization)
    HAL_TIM_Base_Init                        0x08002aa1   Thumb Code    52  stm32f3xx_hal_tim.o(i.HAL_TIM_Base_Init)
    HAL_TIM_Base_MspInit                     0x08002ad5   Thumb Code    12  stm32f3xx_hal_msp.o(i.HAL_TIM_Base_MspInit)
    HAL_TIM_Base_Start                       0x08002ae1   Thumb Code    30  stm32f3xx_hal_tim.o(i.HAL_TIM_Base_Start)
    HAL_TIM_ConfigClockSource                0x08002b01   Thumb Code   308  stm32f3xx_hal_tim.o(i.HAL_TIM_ConfigClockSource)
    HAL_TIM_IC_CaptureCallback               0x08002c39   Thumb Code     2  stm32f3xx_hal_tim.o(i.HAL_TIM_IC_CaptureCallback)
    HAL_TIM_IRQHandler                       0x08002c3b   Thumb Code   440  stm32f3xx_hal_tim.o(i.HAL_TIM_IRQHandler)
    HAL_TIM_OC_DelayElapsedCallback          0x08002df3   Thumb Code     2  stm32f3xx_hal_tim.o(i.HAL_TIM_OC_DelayElapsedCallback)
    HAL_TIM_PWM_PulseFinishedCallback        0x08002df5   Thumb Code     2  stm32f3xx_hal_tim.o(i.HAL_TIM_PWM_PulseFinishedCallback)
    HAL_TIM_PeriodElapsedCallback            0x08002df9   Thumb Code    16  main.o(i.HAL_TIM_PeriodElapsedCallback)
    HAL_TIM_TriggerCallback                  0x08002e11   Thumb Code     2  stm32f3xx_hal_tim.o(i.HAL_TIM_TriggerCallback)
    HAL_UARTEx_WakeupCallback                0x08002e13   Thumb Code     2  stm32f3xx_hal_uart_ex.o(i.HAL_UARTEx_WakeupCallback)
    HAL_UART_DeInit                          0x08002e15   Thumb Code    72  stm32f3xx_hal_uart.o(i.HAL_UART_DeInit)
    HAL_UART_ErrorCallback                   0x08002e5d   Thumb Code     2  uart_bundle.o(i.HAL_UART_ErrorCallback)
    HAL_UART_IRQHandler                      0x08002e61   Thumb Code   390  stm32f3xx_hal_uart.o(i.HAL_UART_IRQHandler)
    HAL_UART_Init                            0x08002fed   Thumb Code   120  stm32f3xx_hal_uart.o(i.HAL_UART_Init)
    HAL_UART_MspDeInit                       0x08003065   Thumb Code    56  uart_bundle.o(i.HAL_UART_MspDeInit)
    HAL_UART_MspInit                         0x080030a1   Thumb Code    42  uart_bundle.o(i.HAL_UART_MspInit)
    HAL_UART_Receive_DMA                     0x080030d1   Thumb Code   156  stm32f3xx_hal_uart.o(i.HAL_UART_Receive_DMA)
    HAL_UART_Receive_IT                      0x08003179   Thumb Code   160  stm32f3xx_hal_uart.o(i.HAL_UART_Receive_IT)
    HAL_UART_RxCpltCallback                  0x08003219   Thumb Code    20  uart_bundle.o(i.HAL_UART_RxCpltCallback)
    HAL_UART_RxHalfCpltCallback              0x0800322d   Thumb Code     2  stm32f3xx_hal_uart.o(i.HAL_UART_RxHalfCpltCallback)
    HAL_UART_Transmit_DMA                    0x08003231   Thumb Code   142  stm32f3xx_hal_uart.o(i.HAL_UART_Transmit_DMA)
    HAL_UART_Transmit_IT                     0x080032cd   Thumb Code    90  stm32f3xx_hal_uart.o(i.HAL_UART_Transmit_IT)
    HAL_UART_TxCpltCallback                  0x08003327   Thumb Code    20  uart_bundle.o(i.HAL_UART_TxCpltCallback)
    HAL_UART_TxHalfCpltCallback              0x0800333b   Thumb Code     2  stm32f3xx_hal_uart.o(i.HAL_UART_TxHalfCpltCallback)
    HardFault_Handler                        0x0800333d   Thumb Code     4  stm32f3xx_it.o(i.HardFault_Handler)
    MemManage_Handler                        0x08003341   Thumb Code     4  stm32f3xx_it.o(i.MemManage_Handler)
    NMI_Handler                              0x08003345   Thumb Code     2  stm32f3xx_it.o(i.NMI_Handler)
    PendSV_Handler                           0x08003381   Thumb Code     2  stm32f3xx_it.o(i.PendSV_Handler)
    RXReturnCallback                         0x08003385   Thumb Code    66  main.o(i.RXReturnCallback)
    SVC_Handler                              0x08003421   Thumb Code     2  stm32f3xx_it.o(i.SVC_Handler)
    SysTick_Handler                          0x08003423   Thumb Code     8  stm32f3xx_it.o(i.SysTick_Handler)
    SystemClock_Config_Custom                0x0800342d   Thumb Code   236  main.o(i.SystemClock_Config_Custom)
    SystemInit                               0x08003529   Thumb Code   104  system_stm32f3xx.o(i.SystemInit)
    TIM8_UP_IRQHandler                       0x080035a5   Thumb Code    10  stm32f3xx_it.o(i.TIM8_UP_IRQHandler)
    TIM_Base_SetConfig                       0x08003749   Thumb Code   160  stm32f3xx_hal_tim.o(i.TIM_Base_SetConfig)
    TIM_ETR_SetConfig                        0x08003805   Thumb Code    24  stm32f3xx_hal_tim.o(i.TIM_ETR_SetConfig)
    TIM_TriggerSource_Config                 0x08003887   Thumb Code    96  main.o(i.TIM_TriggerSource_Config)
    TXReturnCallback                         0x080038e7   Thumb Code     4  main.o(i.TXReturnCallback)
    UART_AdvFeatureConfig                    0x080038eb   Thumb Code   248  stm32f3xx_hal_uart.o(i.UART_AdvFeatureConfig)
    UART_CheckIdleState                      0x080039e3   Thumb Code   116  stm32f3xx_hal_uart.o(i.UART_CheckIdleState)
    UART_EndTransmit_IT                      0x08003b81   Thumb Code    32  stm32f3xx_hal_uart.o(i.UART_EndTransmit_IT)
    UART_INIT                                0x08003bb5   Thumb Code   136  uart_bundle.o(i.UART_INIT)
    UART_Receive_IT                          0x08003c51   Thumb Code   138  stm32f3xx_hal_uart.o(i.UART_Receive_IT)
    UART_SetConfig                           0x08003cdd   Thumb Code   716  stm32f3xx_hal_uart.o(i.UART_SetConfig)
    UART_Transmit_IT                         0x08003fc9   Thumb Code   106  stm32f3xx_hal_uart.o(i.UART_Transmit_IT)
    UART_WaitOnFlagUntilTimeout              0x08004033   Thumb Code   108  stm32f3xx_hal_uart.o(i.UART_WaitOnFlagUntilTimeout)
    USART1_IRQHandler                        0x080040a1   Thumb Code    12  uart_bundle.o(i.USART1_IRQHandler)
    UsageFault_Handler                       0x080040b1   Thumb Code     4  stm32f3xx_it.o(i.UsageFault_Handler)
    __0sprintf$6                             0x080040b5   Thumb Code    34  printf6.o(i.__0sprintf$6)
    __1sprintf$6                             0x080040b5   Thumb Code     0  printf6.o(i.__0sprintf$6)
    __2sprintf                               0x080040b5   Thumb Code     0  printf6.o(i.__0sprintf$6)
    __scatterload_copy                       0x080040dd   Thumb Code    14  handlers.o(i.__scatterload_copy)
    __scatterload_null                       0x080040eb   Thumb Code     2  handlers.o(i.__scatterload_null)
    __scatterload_zeroinit                   0x080040ed   Thumb Code    14  handlers.o(i.__scatterload_zeroinit)
    main                                     0x08004449   Thumb Code   290  main.o(i.main)
    malloc                                   0x080045e1   Thumb Code    92  malloc.o(i.malloc)
    reCockDMA                                0x0800464d   Thumb Code    54  main.o(i.reCockDMA)
    sendStringDataMan                        0x08004685   Thumb Code   132  uart_bundle.o(i.sendStringDataMan)
    AHBPrescTable                            0x080048f4   Data          16  system_stm32f3xx.o(.constdata)
    APBPrescTable                            0x08004904   Data           8  system_stm32f3xx.o(.constdata)
    aPLLMULFactorTable                       0x0800490c   Data          16  stm32f3xx_hal_rcc.o(.constdata)
    aPredivFactorTable                       0x0800491c   Data          16  stm32f3xx_hal_rcc.o(.constdata)
    Region$$Table$$Base                      0x0800492c   Number         0  anon$$obj.o(Region$$Table)
    Region$$Table$$Limit                     0x0800494c   Number         0  anon$$obj.o(Region$$Table)
    ptrChar                                  0x20000000   Data        2000  main.o(.data)
    RxBuffer                                 0x200007d0   Data           4  main.o(.data)
    TxBuffer                                 0x200007d4   Data           4  main.o(.data)
    temp                                     0x200007d8   Data           4  main.o(.data)
    sample_min                               0x200007dc   Data           2  main.o(.data)
    sample_count                             0x200007de   Data           2  main.o(.data)
    IsMeasurementDone                        0x200007e0   Data           1  main.o(.data)
    SystemCoreClock                          0x200007e4   Data           4  system_stm32f3xx.o(.data)
    uwTick                                   0x20000800   Data           4  stm32f3xx_hal.o(.data)
    uwTickPrio                               0x20000804   Data           4  stm32f3xx_hal.o(.data)
    uwTickFreq                               0x20000808   Data           1  stm32f3xx_hal.o(.data)
    __microlib_freelist                      0x2000080c   Data           4  mvars.o(.data)
    __microlib_freelist_initialised          0x20000810   Data           4  mvars.o(.data)
    uartHandle                               0x20000814   Data         112  main.o(.bss)
    tim8Handler                              0x20000884   Data          64  main.o(.bss)
    Adc2Handle                               0x200008c4   Data          88  main.o(.bss)
    Dma2Handle_ADC2                          0x2000091c   Data          68  main.o(.bss)
    ADC_2_CH3_Array                          0x20000960   Data         400  main.o(.bss)
    __heap_base                              0x20000b78   Data           0  startup_stm32f303xc.o(HEAP)
    __heap_limit                             0x20004b78   Data           0  startup_stm32f303xc.o(HEAP)
    __initial_sp                             0x20005078   Data           0  startup_stm32f303xc.o(STACK)



==============================================================================

Memory Map of the image

  Image Entry point : 0x08000189

  Load Region LR_IROM1 (Base: 0x08000000, Size: 0x00005160, Max: 0x00040000, ABSOLUTE, COMPRESSED[0x00004a70])

    Execution Region ER_IROM1 (Exec base: 0x08000000, Load base: 0x08000000, Size: 0x0000494c, Max: 0x00040000, ABSOLUTE)

    Exec Addr    Load Addr    Size         Type   Attr      Idx    E Section Name        Object

    0x08000000   0x08000000   0x00000188   Data   RO            3    RESET               startup_stm32f303xc.o
    0x08000188   0x08000188   0x00000000   Code   RO         4981  * .ARM.Collect$$$$00000000  mc_w.l(entry.o)
    0x08000188   0x08000188   0x00000004   Code   RO         5253    .ARM.Collect$$$$00000001  mc_w.l(entry2.o)
    0x0800018c   0x0800018c   0x00000004   Code   RO         5256    .ARM.Collect$$$$00000004  mc_w.l(entry5.o)
    0x08000190   0x08000190   0x00000000   Code   RO         5258    .ARM.Collect$$$$00000008  mc_w.l(entry7b.o)
    0x08000190   0x08000190   0x00000000   Code   RO         5260    .ARM.Collect$$$$0000000A  mc_w.l(entry8b.o)
    0x08000190   0x08000190   0x00000008   Code   RO         5261    .ARM.Collect$$$$0000000B  mc_w.l(entry9a.o)
    0x08000198   0x08000198   0x00000000   Code   RO         5263    .ARM.Collect$$$$0000000D  mc_w.l(entry10a.o)
    0x08000198   0x08000198   0x00000000   Code   RO         5265    .ARM.Collect$$$$0000000F  mc_w.l(entry11a.o)
    0x08000198   0x08000198   0x00000004   Code   RO         5254    .ARM.Collect$$$$00002712  mc_w.l(entry2.o)
    0x0800019c   0x0800019c   0x00000024   Code   RO            4    .text               startup_stm32f303xc.o
    0x080001c0   0x080001c0   0x0000001c   Code   RO         5251    .text               mc_w.l(calloc.o)
    0x080001dc   0x080001dc   0x0000002c   Code   RO         5270    .text               mc_w.l(uidiv.o)
    0x08000208   0x08000208   0x00000024   Code   RO         5313    .text               mc_w.l(init.o)
    0x0800022c   0x0800022c   0x00000056   Code   RO         5333    .text               mc_w.l(__dczerorl2.o)
    0x08000282   0x08000282   0x00000002   PAD
    0x08000284   0x08000284   0x0000008c   Code   RO           13    i.ADC_Config_DMA_ExternalBat  main.o
    0x08000310   0x08000310   0x0000010c   Code   RO          919    i.ADC_ConversionStop  stm32f3xx_hal_adc_ex.o
    0x0800041c   0x0800041c   0x0000004e   Code   RO          920    i.ADC_DMAConvCplt   stm32f3xx_hal_adc_ex.o
    0x0800046a   0x0800046a   0x0000001e   Code   RO          921    i.ADC_DMAError      stm32f3xx_hal_adc_ex.o
    0x08000488   0x08000488   0x0000000e   Code   RO          922    i.ADC_DMAHalfConvCplt  stm32f3xx_hal_adc_ex.o
    0x08000496   0x08000496   0x00000098   Code   RO          923    i.ADC_Disable       stm32f3xx_hal_adc_ex.o
    0x0800052e   0x0800052e   0x00000002   PAD
    0x08000530   0x08000530   0x00000090   Code   RO          924    i.ADC_Enable        stm32f3xx_hal_adc_ex.o
    0x080005c0   0x080005c0   0x00000004   Code   RO          362    i.BusFault_Handler  stm32f3xx_it.o
    0x080005c4   0x080005c4   0x00000020   Code   RO          454    i.DMA1_Channel4_IRQHandler  uart_bundle.o
    0x080005e4   0x080005e4   0x00000020   Code   RO          455    i.DMA1_Channel5_IRQHandler  uart_bundle.o
    0x08000604   0x08000604   0x00000010   Code   RO          363    i.DMA2_Channel1_IRQHandler  stm32f3xx_it.o
    0x08000614   0x08000614   0x00000040   Code   RO         1619    i.DMA_CalcBaseAndBitshift  stm32f3xx_hal_dma.o
    0x08000654   0x08000654   0x0000002c   Code   RO         1620    i.DMA_SetConfig     stm32f3xx_hal_dma.o
    0x08000680   0x08000680   0x00000002   Code   RO          364    i.DebugMon_Handler  stm32f3xx_it.o
    0x08000682   0x08000682   0x00000026   Code   RO           14    i.FindMin           main.o
    0x080006a8   0x080006a8   0x0000011c   Code   RO           15    i.GPIO_INIT         main.o
    0x080007c4   0x080007c4   0x000000ac   Code   RO          927    i.HAL_ADCEx_Calibration_Start  stm32f3xx_hal_adc_ex.o
    0x08000870   0x08000870   0x00000468   Code   RO          948    i.HAL_ADC_ConfigChannel  stm32f3xx_hal_adc_ex.o
    0x08000cd8   0x08000cd8   0x00000018   Code   RO           16    i.HAL_ADC_ConvCpltCallback  main.o
    0x08000cf0   0x08000cf0   0x00000020   Code   RO           17    i.HAL_ADC_ConvHalfCpltCallback  main.o
    0x08000d10   0x08000d10   0x00000244   Code   RO          949    i.HAL_ADC_DeInit    stm32f3xx_hal_adc_ex.o
    0x08000f54   0x08000f54   0x00000002   Code   RO          770    i.HAL_ADC_ErrorCallback  stm32f3xx_hal_adc.o
    0x08000f56   0x08000f56   0x00000002   PAD
    0x08000f58   0x08000f58   0x000002d8   Code   RO          952    i.HAL_ADC_Init      stm32f3xx_hal_adc_ex.o
    0x08001230   0x08001230   0x00000002   Code   RO          777    i.HAL_ADC_MspDeInit  stm32f3xx_hal_adc.o
    0x08001232   0x08001232   0x00000002   PAD
    0x08001234   0x08001234   0x000000d4   Code   RO          313    i.HAL_ADC_MspInit   stm32f3xx_hal_msp.o
    0x08001308   0x08001308   0x000001b4   Code   RO          956    i.HAL_ADC_Start_DMA  stm32f3xx_hal_adc_ex.o
    0x080014bc   0x080014bc   0x00000058   Code   RO         1622    i.HAL_DMA_Abort_IT  stm32f3xx_hal_dma.o
    0x08001514   0x08001514   0x00000056   Code   RO         1623    i.HAL_DMA_DeInit    stm32f3xx_hal_dma.o
    0x0800156a   0x0800156a   0x000000e6   Code   RO         1626    i.HAL_DMA_IRQHandler  stm32f3xx_hal_dma.o
    0x08001650   0x08001650   0x00000056   Code   RO         1627    i.HAL_DMA_Init      stm32f3xx_hal_dma.o
    0x080016a6   0x080016a6   0x0000009c   Code   RO         1631    i.HAL_DMA_Start_IT  stm32f3xx_hal_dma.o
    0x08001742   0x08001742   0x00000002   PAD
    0x08001744   0x08001744   0x0000011c   Code   RO         1940    i.HAL_GPIO_DeInit   stm32f3xx_hal_gpio.o
    0x08001860   0x08001860   0x000001cc   Code   RO         1943    i.HAL_GPIO_Init     stm32f3xx_hal_gpio.o
    0x08001a2c   0x08001a2c   0x0000000a   Code   RO         1947    i.HAL_GPIO_WritePin  stm32f3xx_hal_gpio.o
    0x08001a36   0x08001a36   0x00000002   PAD
    0x08001a38   0x08001a38   0x0000000c   Code   RO          598    i.HAL_GetTick       stm32f3xx_hal.o
    0x08001a44   0x08001a44   0x00000018   Code   RO          604    i.HAL_IncTick       stm32f3xx_hal.o
    0x08001a5c   0x08001a5c   0x00000028   Code   RO          605    i.HAL_Init          stm32f3xx_hal.o
    0x08001a84   0x08001a84   0x0000004c   Code   RO          606    i.HAL_InitTick      stm32f3xx_hal.o
    0x08001ad0   0x08001ad0   0x00000088   Code   RO          314    i.HAL_MspInit       stm32f3xx_hal_msp.o
    0x08001b58   0x08001b58   0x0000001c   Code   RO         1213    i.HAL_NVIC_DisableIRQ  stm32f3xx_hal_cortex.o
    0x08001b74   0x08001b74   0x0000001a   Code   RO         1214    i.HAL_NVIC_EnableIRQ  stm32f3xx_hal_cortex.o
    0x08001b8e   0x08001b8e   0x0000007c   Code   RO         1220    i.HAL_NVIC_SetPriority  stm32f3xx_hal_cortex.o
    0x08001c0a   0x08001c0a   0x00000002   PAD
    0x08001c0c   0x08001c0c   0x00000028   Code   RO         1221    i.HAL_NVIC_SetPriorityGrouping  stm32f3xx_hal_cortex.o
    0x08001c34   0x08001c34   0x000002a8   Code   RO         2345    i.HAL_RCC_ClockConfig  stm32f3xx_hal_rcc.o
    0x08001edc   0x08001edc   0x0000000c   Code   RO         2350    i.HAL_RCC_GetHCLKFreq  stm32f3xx_hal_rcc.o
    0x08001ee8   0x08001ee8   0x0000002c   Code   RO         2352    i.HAL_RCC_GetPCLK1Freq  stm32f3xx_hal_rcc.o
    0x08001f14   0x08001f14   0x0000002c   Code   RO         2353    i.HAL_RCC_GetPCLK2Freq  stm32f3xx_hal_rcc.o
    0x08001f40   0x08001f40   0x0000008c   Code   RO         2354    i.HAL_RCC_GetSysClockFreq  stm32f3xx_hal_rcc.o
    0x08001fcc   0x08001fcc   0x00000a04   Code   RO         2357    i.HAL_RCC_OscConfig  stm32f3xx_hal_rcc.o
    0x080029d0   0x080029d0   0x00000028   Code   RO         1223    i.HAL_SYSTICK_CLKSourceConfig  stm32f3xx_hal_cortex.o
    0x080029f8   0x080029f8   0x00000034   Code   RO         1225    i.HAL_SYSTICK_Config  stm32f3xx_hal_cortex.o
    0x08002a2c   0x08002a2c   0x00000002   Code   RO         3957    i.HAL_TIMEx_Break2Callback  stm32f3xx_hal_tim_ex.o
    0x08002a2e   0x08002a2e   0x00000002   Code   RO         3958    i.HAL_TIMEx_BreakCallback  stm32f3xx_hal_tim_ex.o
    0x08002a30   0x08002a30   0x00000002   Code   RO         3959    i.HAL_TIMEx_CommutationCallback  stm32f3xx_hal_tim_ex.o
    0x08002a32   0x08002a32   0x00000002   PAD
    0x08002a34   0x08002a34   0x0000006c   Code   RO         3976    i.HAL_TIMEx_MasterConfigSynchronization  stm32f3xx_hal_tim_ex.o
    0x08002aa0   0x08002aa0   0x00000034   Code   RO         3298    i.HAL_TIM_Base_Init  stm32f3xx_hal_tim.o
    0x08002ad4   0x08002ad4   0x0000000c   Code   RO          315    i.HAL_TIM_Base_MspInit  stm32f3xx_hal_msp.o
    0x08002ae0   0x08002ae0   0x0000001e   Code   RO         3301    i.HAL_TIM_Base_Start  stm32f3xx_hal_tim.o
    0x08002afe   0x08002afe   0x00000002   PAD
    0x08002b00   0x08002b00   0x00000138   Code   RO         3307    i.HAL_TIM_ConfigClockSource  stm32f3xx_hal_tim.o
    0x08002c38   0x08002c38   0x00000002   Code   RO         3329    i.HAL_TIM_IC_CaptureCallback  stm32f3xx_hal_tim.o
    0x08002c3a   0x08002c3a   0x000001b8   Code   RO         3342    i.HAL_TIM_IRQHandler  stm32f3xx_hal_tim.o
    0x08002df2   0x08002df2   0x00000002   Code   RO         3345    i.HAL_TIM_OC_DelayElapsedCallback  stm32f3xx_hal_tim.o
    0x08002df4   0x08002df4   0x00000002   Code   RO         3372    i.HAL_TIM_PWM_PulseFinishedCallback  stm32f3xx_hal_tim.o
    0x08002df6   0x08002df6   0x00000002   PAD
    0x08002df8   0x08002df8   0x00000018   Code   RO           18    i.HAL_TIM_PeriodElapsedCallback  main.o
    0x08002e10   0x08002e10   0x00000002   Code   RO         3383    i.HAL_TIM_TriggerCallback  stm32f3xx_hal_tim.o
    0x08002e12   0x08002e12   0x00000002   Code   RO         4609    i.HAL_UARTEx_WakeupCallback  stm32f3xx_hal_uart_ex.o
    0x08002e14   0x08002e14   0x00000048   Code   RO         4261    i.HAL_UART_DeInit   stm32f3xx_hal_uart.o
    0x08002e5c   0x08002e5c   0x00000002   Code   RO          456    i.HAL_UART_ErrorCallback  uart_bundle.o
    0x08002e5e   0x08002e5e   0x00000002   PAD
    0x08002e60   0x08002e60   0x0000018c   Code   RO         4265    i.HAL_UART_IRQHandler  stm32f3xx_hal_uart.o
    0x08002fec   0x08002fec   0x00000078   Code   RO         4266    i.HAL_UART_Init     stm32f3xx_hal_uart.o
    0x08003064   0x08003064   0x0000003c   Code   RO          457    i.HAL_UART_MspDeInit  uart_bundle.o
    0x080030a0   0x080030a0   0x00000030   Code   RO          458    i.HAL_UART_MspInit  uart_bundle.o
    0x080030d0   0x080030d0   0x000000a8   Code   RO         4270    i.HAL_UART_Receive_DMA  stm32f3xx_hal_uart.o
    0x08003178   0x08003178   0x000000a0   Code   RO         4271    i.HAL_UART_Receive_IT  stm32f3xx_hal_uart.o
    0x08003218   0x08003218   0x00000014   Code   RO          459    i.HAL_UART_RxCpltCallback  uart_bundle.o
    0x0800322c   0x0800322c   0x00000002   Code   RO         4273    i.HAL_UART_RxHalfCpltCallback  stm32f3xx_hal_uart.o
    0x0800322e   0x0800322e   0x00000002   PAD
    0x08003230   0x08003230   0x0000009c   Code   RO         4275    i.HAL_UART_Transmit_DMA  stm32f3xx_hal_uart.o
    0x080032cc   0x080032cc   0x0000005a   Code   RO         4276    i.HAL_UART_Transmit_IT  stm32f3xx_hal_uart.o
    0x08003326   0x08003326   0x00000014   Code   RO          460    i.HAL_UART_TxCpltCallback  uart_bundle.o
    0x0800333a   0x0800333a   0x00000002   Code   RO         4278    i.HAL_UART_TxHalfCpltCallback  stm32f3xx_hal_uart.o
    0x0800333c   0x0800333c   0x00000004   Code   RO          365    i.HardFault_Handler  stm32f3xx_it.o
    0x08003340   0x08003340   0x00000004   Code   RO          366    i.MemManage_Handler  stm32f3xx_it.o
    0x08003344   0x08003344   0x00000002   Code   RO          367    i.NMI_Handler       stm32f3xx_it.o
    0x08003346   0x08003346   0x00000002   PAD
    0x08003348   0x08003348   0x00000010   Code   RO         1227    i.NVIC_GetPriorityGrouping  stm32f3xx_hal_cortex.o
    0x08003358   0x08003358   0x00000028   Code   RO         1228    i.NVIC_SetPriority  stm32f3xx_hal_cortex.o
    0x08003380   0x08003380   0x00000002   Code   RO          368    i.PendSV_Handler    stm32f3xx_it.o
    0x08003382   0x08003382   0x00000002   PAD
    0x08003384   0x08003384   0x0000005c   Code   RO           19    i.RXReturnCallback  main.o
    0x080033e0   0x080033e0   0x00000040   Code   RO          462    i.ReCockTheReceiver  uart_bundle.o
    0x08003420   0x08003420   0x00000002   Code   RO          369    i.SVC_Handler       stm32f3xx_it.o
    0x08003422   0x08003422   0x00000008   Code   RO          370    i.SysTick_Handler   stm32f3xx_it.o
    0x0800342a   0x0800342a   0x00000002   PAD
    0x0800342c   0x0800342c   0x000000fc   Code   RO           20    i.SystemClock_Config_Custom  main.o
    0x08003528   0x08003528   0x0000007c   Code   RO          277    i.SystemInit        system_stm32f3xx.o
    0x080035a4   0x080035a4   0x00000010   Code   RO          371    i.TIM8_UP_IRQHandler  stm32f3xx_it.o
    0x080035b4   0x080035b4   0x00000194   Code   RO          316    i.TIMCLKInit        stm32f3xx_hal_msp.o
    0x08003748   0x08003748   0x000000bc   Code   RO         3384    i.TIM_Base_SetConfig  stm32f3xx_hal_tim.o
    0x08003804   0x08003804   0x00000018   Code   RO         3391    i.TIM_ETR_SetConfig  stm32f3xx_hal_tim.o
    0x0800381c   0x0800381c   0x00000014   Code   RO         3392    i.TIM_ITRx_SetConfig  stm32f3xx_hal_tim.o
    0x08003830   0x08003830   0x0000002a   Code   RO         3398    i.TIM_TI1_ConfigInputStage  stm32f3xx_hal_tim.o
    0x0800385a   0x0800385a   0x0000002c   Code   RO         3400    i.TIM_TI2_ConfigInputStage  stm32f3xx_hal_tim.o
    0x08003886   0x08003886   0x00000060   Code   RO           21    i.TIM_TriggerSource_Config  main.o
    0x080038e6   0x080038e6   0x00000004   Code   RO           22    i.TXReturnCallback  main.o
    0x080038ea   0x080038ea   0x000000f8   Code   RO         4279    i.UART_AdvFeatureConfig  stm32f3xx_hal_uart.o
    0x080039e2   0x080039e2   0x00000074   Code   RO         4280    i.UART_CheckIdleState  stm32f3xx_hal_uart.o
    0x08003a56   0x08003a56   0x00000018   Code   RO         4281    i.UART_DMAAbortOnError  stm32f3xx_hal_uart.o
    0x08003a6e   0x08003a6e   0x00000056   Code   RO         4282    i.UART_DMAError     stm32f3xx_hal_uart.o
    0x08003ac4   0x08003ac4   0x00000048   Code   RO         4283    i.UART_DMAReceiveCplt  stm32f3xx_hal_uart.o
    0x08003b0c   0x08003b0c   0x0000000e   Code   RO         4285    i.UART_DMARxHalfCplt  stm32f3xx_hal_uart.o
    0x08003b1a   0x08003b1a   0x00000038   Code   RO         4287    i.UART_DMATransmitCplt  stm32f3xx_hal_uart.o
    0x08003b52   0x08003b52   0x0000000e   Code   RO         4289    i.UART_DMATxHalfCplt  stm32f3xx_hal_uart.o
    0x08003b60   0x08003b60   0x00000020   Code   RO         4291    i.UART_EndRxTransfer  stm32f3xx_hal_uart.o
    0x08003b80   0x08003b80   0x00000020   Code   RO         4292    i.UART_EndTransmit_IT  stm32f3xx_hal_uart.o
    0x08003ba0   0x08003ba0   0x00000014   Code   RO         4293    i.UART_EndTxTransfer  stm32f3xx_hal_uart.o
    0x08003bb4   0x08003bb4   0x0000009c   Code   RO          464    i.UART_INIT         uart_bundle.o
    0x08003c50   0x08003c50   0x0000008a   Code   RO         4294    i.UART_Receive_IT   stm32f3xx_hal_uart.o
    0x08003cda   0x08003cda   0x00000002   PAD
    0x08003cdc   0x08003cdc   0x000002ec   Code   RO         4295    i.UART_SetConfig    stm32f3xx_hal_uart.o
    0x08003fc8   0x08003fc8   0x0000006a   Code   RO         4296    i.UART_Transmit_IT  stm32f3xx_hal_uart.o
    0x08004032   0x08004032   0x0000006c   Code   RO         4297    i.UART_WaitOnFlagUntilTimeout  stm32f3xx_hal_uart.o
    0x0800409e   0x0800409e   0x00000002   PAD
    0x080040a0   0x080040a0   0x00000010   Code   RO          465    i.USART1_IRQHandler  uart_bundle.o
    0x080040b0   0x080040b0   0x00000004   Code   RO          372    i.UsageFault_Handler  stm32f3xx_it.o
    0x080040b4   0x080040b4   0x00000028   Code   RO         5147    i.__0sprintf$6      mc_w.l(printf6.o)
    0x080040dc   0x080040dc   0x0000000e   Code   RO         5327    i.__scatterload_copy  mc_w.l(handlers.o)
    0x080040ea   0x080040ea   0x00000002   Code   RO         5328    i.__scatterload_null  mc_w.l(handlers.o)
    0x080040ec   0x080040ec   0x0000000e   Code   RO         5329    i.__scatterload_zeroinit  mc_w.l(handlers.o)
    0x080040fa   0x080040fa   0x00000002   PAD
    0x080040fc   0x080040fc   0x000002f0   Code   RO         5152    i._printf_core      mc_w.l(printf6.o)
    0x080043ec   0x080043ec   0x00000024   Code   RO         5153    i._printf_post_padding  mc_w.l(printf6.o)
    0x08004410   0x08004410   0x0000002e   Code   RO         5154    i._printf_pre_padding  mc_w.l(printf6.o)
    0x0800443e   0x0800443e   0x0000000a   Code   RO         5156    i._sputc            mc_w.l(printf6.o)
    0x08004448   0x08004448   0x00000198   Code   RO           23    i.main              main.o
    0x080045e0   0x080045e0   0x0000006c   Code   RO         5275    i.malloc            mc_w.l(malloc.o)
    0x0800464c   0x0800464c   0x00000036   Code   RO           24    i.reCockDMA         main.o
    0x08004682   0x08004682   0x00000002   PAD
    0x08004684   0x08004684   0x0000008c   Code   RO          468    i.sendStringDataMan  uart_bundle.o
    0x08004710   0x08004710   0x00000144   Code   RO          470    i.uartDMAinit       uart_bundle.o
    0x08004854   0x08004854   0x000000a0   Code   RO          471    i.uartINTERRUPTInit  uart_bundle.o
    0x080048f4   0x080048f4   0x00000018   Data   RO          278    .constdata          system_stm32f3xx.o
    0x0800490c   0x0800490c   0x00000020   Data   RO         2358    .constdata          stm32f3xx_hal_rcc.o
    0x0800492c   0x0800492c   0x00000020   Data   RO         5325    Region$$Table       anon$$obj.o


    Execution Region RW_IRAM2 (Exec base: 0x10000000, Load base: 0x08004a70, Size: 0x00000000, Max: 0x00002000, ABSOLUTE)

    **** No section assigned to this execution region ****


    Execution Region RW_IRAM1 (Exec base: 0x20000000, Load base: 0x0800494c, Size: 0x00005078, Max: 0x0000c000, ABSOLUTE, COMPRESSED[0x00000124])

    Exec Addr    Load Addr    Size         Type   Attr      Idx    E Section Name        Object

    0x20000000   COMPRESSED   0x000007e2   Data   RW           27    .data               main.o
    0x200007e2   COMPRESSED   0x00000002   PAD
    0x200007e4   COMPRESSED   0x00000004   Data   RW          279    .data               system_stm32f3xx.o
    0x200007e8   COMPRESSED   0x00000018   Data   RW          473    .data               uart_bundle.o
    0x20000800   COMPRESSED   0x00000009   Data   RW          612    .data               stm32f3xx_hal.o
    0x20000809   COMPRESSED   0x00000003   PAD
    0x2000080c   COMPRESSED   0x00000004   Data   RW         5320    .data               mc_w.l(mvars.o)
    0x20000810   COMPRESSED   0x00000004   Data   RW         5321    .data               mc_w.l(mvars.o)
    0x20000814        -       0x000002dc   Zero   RW           26    .bss                main.o
    0x20000af0        -       0x00000088   Zero   RW          472    .bss                uart_bundle.o
    0x20000b78        -       0x00004000   Zero   RW            2    HEAP                startup_stm32f303xc.o
    0x20004b78        -       0x00000500   Zero   RW            1    STACK               startup_stm32f303xc.o


==============================================================================

Image component sizes


      Code (inc. data)   RO Data    RW Data    ZI Data      Debug   Object Name

      1448        212          0       2018        732     602080   main.o
        36          8        392          0      17664        856   startup_stm32f303xc.o
       152         32          0          9          0      12969   stm32f3xx_hal.o
         4          0          0          0          0       1676   stm32f3xx_hal_adc.o
      3730        142          0          0          0      11170   stm32f3xx_hal_adc_ex.o
       366         28          0          0          0      32323   stm32f3xx_hal_cortex.o
       754          8          0          0          0       5703   stm32f3xx_hal_dma.o
       754         54          0          0          0       3274   stm32f3xx_hal_gpio.o
       764         64          0          0          0       3401   stm32f3xx_hal_msp.o
      3484         92         32          0          0       6560   stm32f3xx_hal_rcc.o
      1160         32          0          0          0       9876   stm32f3xx_hal_tim.o
       114         10          0          0          0       3309   stm32f3xx_hal_tim_ex.o
      2980         64          0          0          0      18128   stm32f3xx_hal_uart.o
         2          0          0          0          0       1112   stm32f3xx_hal_uart_ex.o
        64         10          0          0          0       5194   stm32f3xx_it.o
       124         20         24          4          0       1371   system_stm32f3xx.o
      1074         90          0         24        136      11396   uart_bundle.o

    ----------------------------------------------------------------------
     17044        866        480       2060      18532     730398   Object Totals
         0          0         32          0          0          0   (incl. Generated)
        34          0          0          5          0          0   (incl. Padding)

    ----------------------------------------------------------------------

      Code (inc. data)   RO Data    RW Data    ZI Data      Debug   Library Member Name

        86          0          0          0          0          0   __dczerorl2.o
        28          0          0          0          0         76   calloc.o
         0          0          0          0          0          0   entry.o
         0          0          0          0          0          0   entry10a.o
         0          0          0          0          0          0   entry11a.o
         8          4          0          0          0          0   entry2.o
         4          0          0          0          0          0   entry5.o
         0          0          0          0          0          0   entry7b.o
         0          0          0          0          0          0   entry8b.o
         8          4          0          0          0          0   entry9a.o
        30          0          0          0          0          0   handlers.o
        36          8          0          0          0         68   init.o
       108         16          0          0          0         84   malloc.o
         0          0          0          8          0          0   mvars.o
       884         10          0          0          0        420   printf6.o
        44          0          0          0          0         80   uidiv.o

    ----------------------------------------------------------------------
      1240         42          0          8          0        728   Library Totals
         4          0          0          0          0          0   (incl. Padding)

    ----------------------------------------------------------------------

      Code (inc. data)   RO Data    RW Data    ZI Data      Debug   Library Name

      1236         42          0          8          0        728   mc_w.l

    ----------------------------------------------------------------------
      1240         42          0          8          0        728   Library Totals

    ----------------------------------------------------------------------

==============================================================================


      Code (inc. data)   RO Data    RW Data    ZI Data      Debug   

     18284        908        480       2068      18532     719298   Grand Totals
     18284        908        480        292      18532     719298   ELF Image Totals (compressed)
     18284        908        480        292          0          0   ROM Totals

==============================================================================

    Total RO  Size (Code + RO Data)                18764 (  18.32kB)
    Total RW  Size (RW Data + ZI Data)             20600 (  20.12kB)
    Total ROM Size (Code + RO Data + RW Data)      19056 (  18.61kB)

==============================================================================

